Archive member included to satisfy reference by file (symbol)

/home/iot/Ac6/SystemWorkbench/plugins/fr.ac6.mcu.externaltools.arm-none.linux64_1.15.0.201708311556/tools/compiler/bin/../lib/gcc/arm-none-eabi/6.3.1/../../../../arm-none-eabi/lib/thumb/v7e-m/fpv4-sp/hard/libc_nano.a(lib_a-exit.o)
                              /home/iot/Ac6/SystemWorkbench/plugins/fr.ac6.mcu.externaltools.arm-none.linux64_1.15.0.201708311556/tools/compiler/bin/../lib/gcc/arm-none-eabi/6.3.1/../../../../arm-none-eabi/lib/thumb/v7e-m/fpv4-sp/hard/crt0.o (exit)
/home/iot/Ac6/SystemWorkbench/plugins/fr.ac6.mcu.externaltools.arm-none.linux64_1.15.0.201708311556/tools/compiler/bin/../lib/gcc/arm-none-eabi/6.3.1/../../../../arm-none-eabi/lib/thumb/v7e-m/fpv4-sp/hard/libc_nano.a(lib_a-impure.o)
                              /home/iot/Ac6/SystemWorkbench/plugins/fr.ac6.mcu.externaltools.arm-none.linux64_1.15.0.201708311556/tools/compiler/bin/../lib/gcc/arm-none-eabi/6.3.1/../../../../arm-none-eabi/lib/thumb/v7e-m/fpv4-sp/hard/libc_nano.a(lib_a-exit.o) (_global_impure_ptr)
/home/iot/Ac6/SystemWorkbench/plugins/fr.ac6.mcu.externaltools.arm-none.linux64_1.15.0.201708311556/tools/compiler/bin/../lib/gcc/arm-none-eabi/6.3.1/../../../../arm-none-eabi/lib/thumb/v7e-m/fpv4-sp/hard/libc_nano.a(lib_a-init.o)
                              /home/iot/Ac6/SystemWorkbench/plugins/fr.ac6.mcu.externaltools.arm-none.linux64_1.15.0.201708311556/tools/compiler/bin/../lib/gcc/arm-none-eabi/6.3.1/../../../../arm-none-eabi/lib/thumb/v7e-m/fpv4-sp/hard/crt0.o (__libc_init_array)
/home/iot/Ac6/SystemWorkbench/plugins/fr.ac6.mcu.externaltools.arm-none.linux64_1.15.0.201708311556/tools/compiler/bin/../lib/gcc/arm-none-eabi/6.3.1/../../../../arm-none-eabi/lib/thumb/v7e-m/fpv4-sp/hard/libc_nano.a(lib_a-memset.o)
                              /home/iot/Ac6/SystemWorkbench/plugins/fr.ac6.mcu.externaltools.arm-none.linux64_1.15.0.201708311556/tools/compiler/bin/../lib/gcc/arm-none-eabi/6.3.1/../../../../arm-none-eabi/lib/thumb/v7e-m/fpv4-sp/hard/crt0.o (memset)
/home/iot/Ac6/SystemWorkbench/plugins/fr.ac6.mcu.externaltools.arm-none.linux64_1.15.0.201708311556/tools/compiler/bin/../lib/gcc/arm-none-eabi/6.3.1/../../../../arm-none-eabi/lib/thumb/v7e-m/fpv4-sp/hard/libnosys.a(_exit.o)
                              /home/iot/Ac6/SystemWorkbench/plugins/fr.ac6.mcu.externaltools.arm-none.linux64_1.15.0.201708311556/tools/compiler/bin/../lib/gcc/arm-none-eabi/6.3.1/../../../../arm-none-eabi/lib/thumb/v7e-m/fpv4-sp/hard/libc_nano.a(lib_a-exit.o) (_exit)

Allocating common symbols
Common symbol       size              file

hi2c1               0x54              Src/i2c.o
uwTick              0x4               Drivers/STM32F4xx_HAL_Driver/Src/stm32f4xx_hal.o
pFlash              0x20              Drivers/STM32F4xx_HAL_Driver/Src/stm32f4xx_hal_flash.o
Filter              0x34              Drivers/STM32F4xx_HAL_Driver/Src/stm32f4_discovery_audio.o
hAudioOutI2s        0x48              Drivers/STM32F4xx_HAL_Driver/Src/stm32f4_discovery_audio.o
hspi1               0x58              Src/spi.o
hi2s3               0x48              Src/i2s.o
hAudioInI2s         0x48              Drivers/STM32F4xx_HAL_Driver/Src/stm32f4_discovery_audio.o

Discarded input sections

 .text          0x0000000000000000        0x0 /home/iot/Ac6/SystemWorkbench/plugins/fr.ac6.mcu.externaltools.arm-none.linux64_1.15.0.201708311556/tools/compiler/bin/../lib/gcc/arm-none-eabi/6.3.1/thumb/v7e-m/fpv4-sp/hard/crti.o
 .data          0x0000000000000000        0x0 /home/iot/Ac6/SystemWorkbench/plugins/fr.ac6.mcu.externaltools.arm-none.linux64_1.15.0.201708311556/tools/compiler/bin/../lib/gcc/arm-none-eabi/6.3.1/thumb/v7e-m/fpv4-sp/hard/crti.o
 .bss           0x0000000000000000        0x0 /home/iot/Ac6/SystemWorkbench/plugins/fr.ac6.mcu.externaltools.arm-none.linux64_1.15.0.201708311556/tools/compiler/bin/../lib/gcc/arm-none-eabi/6.3.1/thumb/v7e-m/fpv4-sp/hard/crti.o
 .data          0x0000000000000000        0x4 /home/iot/Ac6/SystemWorkbench/plugins/fr.ac6.mcu.externaltools.arm-none.linux64_1.15.0.201708311556/tools/compiler/bin/../lib/gcc/arm-none-eabi/6.3.1/thumb/v7e-m/fpv4-sp/hard/crtbegin.o
 .text          0x0000000000000000       0x74 /home/iot/Ac6/SystemWorkbench/plugins/fr.ac6.mcu.externaltools.arm-none.linux64_1.15.0.201708311556/tools/compiler/bin/../lib/gcc/arm-none-eabi/6.3.1/../../../../arm-none-eabi/lib/thumb/v7e-m/fpv4-sp/hard/crt0.o
 .data          0x0000000000000000        0x0 /home/iot/Ac6/SystemWorkbench/plugins/fr.ac6.mcu.externaltools.arm-none.linux64_1.15.0.201708311556/tools/compiler/bin/../lib/gcc/arm-none-eabi/6.3.1/../../../../arm-none-eabi/lib/thumb/v7e-m/fpv4-sp/hard/crt0.o
 .bss           0x0000000000000000        0x0 /home/iot/Ac6/SystemWorkbench/plugins/fr.ac6.mcu.externaltools.arm-none.linux64_1.15.0.201708311556/tools/compiler/bin/../lib/gcc/arm-none-eabi/6.3.1/../../../../arm-none-eabi/lib/thumb/v7e-m/fpv4-sp/hard/crt0.o
[...]
Memory Configuration

Name             Origin             Length             Attributes
RAM              0x0000000020000000 0x0000000000020000 xrw
CCMRAM           0x0000000010000000 0x0000000000010000 rw
FLASH            0x0000000008000000 0x0000000000100000 xr
*default*        0x0000000000000000 0xffffffffffffffff

Linker script and memory map

LOAD /home/iot/Ac6/SystemWorkbench/plugins/fr.ac6.mcu.externaltools.arm-none.linux64_1.15.0.201708311556/tools/compiler/bin/../lib/gcc/arm-none-eabi/6.3.1/thumb/v7e-m/fpv4-sp/hard/crti.o
LOAD /home/iot/Ac6/SystemWorkbench/plugins/fr.ac6.mcu.externaltools.arm-none.linux64_1.15.0.201708311556/tools/compiler/bin/../lib/gcc/arm-none-eabi/6.3.1/thumb/v7e-m/fpv4-sp/hard/crtbegin.o
LOAD /home/iot/Ac6/SystemWorkbench/plugins/fr.ac6.mcu.externaltools.arm-none.linux64_1.15.0.201708311556/tools/compiler/bin/../lib/gcc/arm-none-eabi/6.3.1/../../../../arm-none-eabi/lib/thumb/v7e-m/fpv4-sp/hard/crt0.o
LOAD Drivers/STM32F4xx_HAL_Driver/Src/cs43l22.o
LOAD Drivers/STM32F4xx_HAL_Driver/Src/lis302dl.o
LOAD Drivers/STM32F4xx_HAL_Driver/Src/lis3dsh.o
LOAD Drivers/STM32F4xx_HAL_Driver/Src/stm32f4_discovery.o
LOAD Drivers/STM32F4xx_HAL_Driver/Src/stm32f4_discovery_accelerometer.o
LOAD Drivers/STM32F4xx_HAL_Driver/Src/stm32f4_discovery_audio.o
LOAD Drivers/STM32F4xx_HAL_Driver/Src/stm32f4xx_hal.o
LOAD Drivers/STM32F4xx_HAL_Driver/Src/stm32f4xx_hal_cortex.o
LOAD Drivers/STM32F4xx_HAL_Driver/Src/stm32f4xx_hal_dma.o
LOAD Drivers/STM32F4xx_HAL_Driver/Src/stm32f4xx_hal_dma_ex.o
LOAD Drivers/STM32F4xx_HAL_Driver/Src/stm32f4xx_hal_flash.o
LOAD Drivers/STM32F4xx_HAL_Driver/Src/stm32f4xx_hal_flash_ex.o
LOAD Drivers/STM32F4xx_HAL_Driver/Src/stm32f4xx_hal_flash_ramfunc.o
LOAD Drivers/STM32F4xx_HAL_Driver/Src/stm32f4xx_hal_gpio.o
LOAD Drivers/STM32F4xx_HAL_Driver/Src/stm32f4xx_hal_i2c.o
LOAD Drivers/STM32F4xx_HAL_Driver/Src/stm32f4xx_hal_i2c_ex.o
LOAD Drivers/STM32F4xx_HAL_Driver/Src/stm32f4xx_hal_i2s.o
LOAD Drivers/STM32F4xx_HAL_Driver/Src/stm32f4xx_hal_i2s_ex.o
LOAD Drivers/STM32F4xx_HAL_Driver/Src/stm32f4xx_hal_pwr.o
LOAD Drivers/STM32F4xx_HAL_Driver/Src/stm32f4xx_hal_pwr_ex.o
LOAD Drivers/STM32F4xx_HAL_Driver/Src/stm32f4xx_hal_rcc.o
LOAD Drivers/STM32F4xx_HAL_Driver/Src/stm32f4xx_hal_rcc_ex.o
LOAD Drivers/STM32F4xx_HAL_Driver/Src/stm32f4xx_hal_spi.o
LOAD Drivers/STM32F4xx_HAL_Driver/Src/stm32f4xx_hal_tim.o
LOAD Drivers/STM32F4xx_HAL_Driver/Src/stm32f4xx_hal_tim_ex.o
LOAD Src/gpio.o
LOAD Src/i2c.o
LOAD Src/i2s.o
LOAD Src/main.o
LOAD Src/spi.o
LOAD Src/stm32f4xx_hal_msp.o
LOAD Src/stm32f4xx_it.o
LOAD Src/system_stm32f4xx.o
LOAD startup/startup_stm32f407xx.o
LOAD /home/iot/Ac6/SystemWorkbench/plugins/fr.ac6.mcu.externaltools.arm-none.linux64_1.15.0.201708311556/tools/compiler/bin/../lib/gcc/arm-none-eabi/6.3.1/../../../../arm-none-eabi/lib/thumb/v7e-m/fpv4-sp/hard/libm.a
START GROUP
LOAD /home/iot/Ac6/SystemWorkbench/plugins/fr.ac6.mcu.externaltools.arm-none.linux64_1.15.0.201708311556/tools/compiler/bin/../lib/gcc/arm-none-eabi/6.3.1/thumb/v7e-m/fpv4-sp/hard/libgcc.a
LOAD /home/iot/Ac6/SystemWorkbench/plugins/fr.ac6.mcu.externaltools.arm-none.linux64_1.15.0.201708311556/tools/compiler/bin/../lib/gcc/arm-none-eabi/6.3.1/../../../../arm-none-eabi/lib/thumb/v7e-m/fpv4-sp/hard/libc_nano.a
END GROUP
START GROUP
LOAD /home/iot/Ac6/SystemWorkbench/plugins/fr.ac6.mcu.externaltools.arm-none.linux64_1.15.0.201708311556/tools/compiler/bin/../lib/gcc/arm-none-eabi/6.3.1/thumb/v7e-m/fpv4-sp/hard/libgcc.a
LOAD /home/iot/Ac6/SystemWorkbench/plugins/fr.ac6.mcu.externaltools.arm-none.linux64_1.15.0.201708311556/tools/compiler/bin/../lib/gcc/arm-none-eabi/6.3.1/../../../../arm-none-eabi/lib/thumb/v7e-m/fpv4-sp/hard/libc_nano.a
LOAD /home/iot/Ac6/SystemWorkbench/plugins/fr.ac6.mcu.externaltools.arm-none.linux64_1.15.0.201708311556/tools/compiler/bin/../lib/gcc/arm-none-eabi/6.3.1/../../../../arm-none-eabi/lib/thumb/v7e-m/fpv4-sp/hard/libnosys.a
END GROUP
START GROUP
LOAD /home/iot/Ac6/SystemWorkbench/plugins/fr.ac6.mcu.externaltools.arm-none.linux64_1.15.0.201708311556/tools/compiler/bin/../lib/gcc/arm-none-eabi/6.3.1/thumb/v7e-m/fpv4-sp/hard/libgcc.a
LOAD /home/iot/Ac6/SystemWorkbench/plugins/fr.ac6.mcu.externaltools.arm-none.linux64_1.15.0.201708311556/tools/compiler/bin/../lib/gcc/arm-none-eabi/6.3.1/../../../../arm-none-eabi/lib/thumb/v7e-m/fpv4-sp/hard/libc_nano.a
LOAD /home/iot/Ac6/SystemWorkbench/plugins/fr.ac6.mcu.externaltools.arm-none.linux64_1.15.0.201708311556/tools/compiler/bin/../lib/gcc/arm-none-eabi/6.3.1/../../../../arm-none-eabi/lib/thumb/v7e-m/fpv4-sp/hard/libnosys.a
END GROUP
LOAD /home/iot/Ac6/SystemWorkbench/plugins/fr.ac6.mcu.externaltools.arm-none.linux64_1.15.0.201708311556/tools/compiler/bin/../lib/gcc/arm-none-eabi/6.3.1/thumb/v7e-m/fpv4-sp/hard/crtend.o
LOAD /home/iot/Ac6/SystemWorkbench/plugins/fr.ac6.mcu.externaltools.arm-none.linux64_1.15.0.201708311556/tools/compiler/bin/../lib/gcc/arm-none-eabi/6.3.1/thumb/v7e-m/fpv4-sp/hard/crtn.o
                0x0000000020020000                _estack = 0x20020000
                0x0000000000000200                _Min_Heap_Size = 0x200
                0x0000000000000400                _Min_Stack_Size = 0x400

.isr_vector     0x0000000008000000      0x188
                0x0000000008000000                . = ALIGN (0x4)
 *(.isr_vector)
 .isr_vector    0x0000000008000000      0x188 startup/startup_stm32f407xx.o
                0x0000000008000000                g_pfnVectors
                0x0000000008000188                . = ALIGN (0x4)

.text           0x0000000008000188     0x24e4
                0x0000000008000188                . = ALIGN (0x4)
 *(.text)
 .text          0x0000000008000188       0x6c /home/iot/Ac6/SystemWorkbench/plugins/fr.ac6.mcu.externaltools.arm-none.linux64_1.15.0.201708311556/tools/compiler/bin/../lib/gcc/arm-none-eabi/6.3.1/thumb/v7e-m/fpv4-sp/hard/crtbegin.o
 *(.text*)
 .text.LIS302DL_DeInit
                0x00000000080001f4        0x2 Drivers/STM32F4xx_HAL_Driver/Src/lis302dl.o
                0x00000000080001f4                LIS302DL_DeInit
 .text.LIS302DL_Init
                0x00000000080001f6       0x22 Drivers/STM32F4xx_HAL_Driver/Src/lis302dl.o
                0x00000000080001f6                LIS302DL_Init
 .text.LIS302DL_ReadID
                0x0000000008000218       0x22 Drivers/STM32F4xx_HAL_Driver/Src/lis302dl.o
                0x0000000008000218                LIS302DL_ReadID
 .text.LIS302DL_FilterConfig
                0x000000000800023a       0x34 Drivers/STM32F4xx_HAL_Driver/Src/lis302dl.o
                0x000000000800023a                LIS302DL_FilterConfig
 .text.LIS302DL_Click_IntClear
                0x000000000800026e       0x24 Drivers/STM32F4xx_HAL_Driver/Src/lis302dl.o
                0x000000000800026e                LIS302DL_Click_IntClear
 .text.LIS302DL_RebootCmd
                0x0000000008000292       0x2e Drivers/STM32F4xx_HAL_Driver/Src/lis302dl.o
                0x0000000008000292                LIS302DL_RebootCmd
 .text.LIS302DL_ReadACC
                0x00000000080002c0       0x68 Drivers/STM32F4xx_HAL_Driver/Src/lis302dl.o
                0x00000000080002c0                LIS302DL_ReadACC
 .text.LIS302DL_InterruptConfig
                0x0000000008000328       0x34 Drivers/STM32F4xx_HAL_Driver/Src/lis302dl.o
                0x0000000008000328                LIS302DL_InterruptConfig
 .text.LIS302DL_Click_IntConfig
                0x000000000800035c       0xaa Drivers/STM32F4xx_HAL_Driver/Src/lis302dl.o
                0x000000000800035c                LIS302DL_Click_IntConfig
 .text.LIS3DSH_DeInit
                0x0000000008000406        0x2 Drivers/STM32F4xx_HAL_Driver/Src/lis3dsh.o
                0x0000000008000406                LIS3DSH_DeInit
 .text.LIS3DSH_Init
                0x0000000008000408       0x34 Drivers/STM32F4xx_HAL_Driver/Src/lis3dsh.o
                0x0000000008000408                LIS3DSH_Init
 .text.LIS3DSH_ReadID
                0x000000000800043c       0x22 Drivers/STM32F4xx_HAL_Driver/Src/lis3dsh.o
                0x000000000800043c                LIS3DSH_ReadID
 .text.LIS3DSH_RebootCmd
                0x000000000800045e       0x2e Drivers/STM32F4xx_HAL_Driver/Src/lis3dsh.o
                0x000000000800045e                LIS3DSH_RebootCmd
 .text.LIS3DSH_ReadACC
                0x000000000800048c       0xf4 Drivers/STM32F4xx_HAL_Driver/Src/lis3dsh.o
                0x000000000800048c                LIS3DSH_ReadACC
 .text.LIS3DSH_InterruptConfig
                0x0000000008000580       0x4c Drivers/STM32F4xx_HAL_Driver/Src/lis3dsh.o
                0x0000000008000580                LIS3DSH_InterruptConfig
 .text.LIS3DSH_Click_IntConfig
                0x00000000080005cc       0xd8 Drivers/STM32F4xx_HAL_Driver/Src/lis3dsh.o
                0x00000000080005cc                LIS3DSH_Click_IntConfig
 .text.SPIx_MspInit
                0x00000000080006a4       0x58 Drivers/STM32F4xx_HAL_Driver/Src/stm32f4_discovery.o
 .text.SPIx_Init
                0x00000000080006fc       0x4c Drivers/STM32F4xx_HAL_Driver/Src/stm32f4_discovery.o
 .text.SPIx_Error
                0x0000000008000748       0x14 Drivers/STM32F4xx_HAL_Driver/Src/stm32f4_discovery.o
 .text.SPIx_WriteRead
                0x000000000800075c       0x3c Drivers/STM32F4xx_HAL_Driver/Src/stm32f4_discovery.o
 .text.ACCELERO_IO_Init
                0x0000000008000798       0x4c Drivers/STM32F4xx_HAL_Driver/Src/stm32f4_discovery.o
                0x0000000008000798                ACCELERO_IO_Init
 .text.ACCELERO_IO_ITConfig
                0x00000000080007e4       0x50 Drivers/STM32F4xx_HAL_Driver/Src/stm32f4_discovery.o
                0x00000000080007e4                ACCELERO_IO_ITConfig
 .text.ACCELERO_IO_Write
                0x0000000008000834       0x44 Drivers/STM32F4xx_HAL_Driver/Src/stm32f4_discovery.o
                0x0000000008000834                ACCELERO_IO_Write
 .text.ACCELERO_IO_Read
                0x0000000008000878       0x48 Drivers/STM32F4xx_HAL_Driver/Src/stm32f4_discovery.o
                0x0000000008000878                ACCELERO_IO_Read
 .text.BSP_ACCELERO_Init
                0x00000000080008c0       0x4c Drivers/STM32F4xx_HAL_Driver/Src/stm32f4_discovery_accelerometer.o
                0x00000000080008c0                BSP_ACCELERO_Init
 .text.BSP_ACCELERO_Reset
                0x000000000800090c       0x14 Drivers/STM32F4xx_HAL_Driver/Src/stm32f4_discovery_accelerometer.o
                0x000000000800090c                BSP_ACCELERO_Reset
 .text.BSP_ACCELERO_GetXYZ
                0x0000000008000920       0x34 Drivers/STM32F4xx_HAL_Driver/Src/stm32f4_discovery_accelerometer.o
                0x0000000008000920                BSP_ACCELERO_GetXYZ
 .text.BSP_AUDIO_OUT_TransferComplete_CallBack
                0x0000000008000954        0x2 Drivers/STM32F4xx_HAL_Driver/Src/stm32f4_discovery_audio.o
                0x0000000008000954                BSP_AUDIO_OUT_TransferComplete_CallBack
 *fill*         0x0000000008000956        0x2 
 .text.HAL_I2S_TxCpltCallback
                0x0000000008000958       0x18 Drivers/STM32F4xx_HAL_Driver/Src/stm32f4_discovery_audio.o
                0x0000000008000958                HAL_I2S_TxCpltCallback
 .text.BSP_AUDIO_OUT_Error_CallBack
                0x0000000008000970        0x2 Drivers/STM32F4xx_HAL_Driver/Src/stm32f4_discovery_audio.o
                0x0000000008000970                BSP_AUDIO_OUT_Error_CallBack
 .text.BSP_AUDIO_IN_TransferComplete_CallBack
                0x0000000008000972        0x2 Drivers/STM32F4xx_HAL_Driver/Src/stm32f4_discovery_audio.o
                0x0000000008000972                BSP_AUDIO_IN_TransferComplete_CallBack
 .text.HAL_I2S_RxCpltCallback
                0x0000000008000974        0x8 Drivers/STM32F4xx_HAL_Driver/Src/stm32f4_discovery_audio.o
                0x0000000008000974                HAL_I2S_RxCpltCallback
 .text.BSP_AUDIO_IN_Error_Callback
                0x000000000800097c        0x2 Drivers/STM32F4xx_HAL_Driver/Src/stm32f4_discovery_audio.o
                0x000000000800097c                BSP_AUDIO_IN_Error_Callback
 *fill*         0x000000000800097e        0x2 
 .text.HAL_I2S_ErrorCallback
                0x0000000008000980       0x2c Drivers/STM32F4xx_HAL_Driver/Src/stm32f4_discovery_audio.o
                0x0000000008000980                HAL_I2S_ErrorCallback
 .text.HAL_InitTick
                0x00000000080009ac       0x2c Drivers/STM32F4xx_HAL_Driver/Src/stm32f4xx_hal.o
                0x00000000080009ac                HAL_InitTick
 .text.HAL_Init
                0x00000000080009d8       0x34 Drivers/STM32F4xx_HAL_Driver/Src/stm32f4xx_hal.o
                0x00000000080009d8                HAL_Init
 .text.HAL_IncTick
                0x0000000008000a0c       0x10 Drivers/STM32F4xx_HAL_Driver/Src/stm32f4xx_hal.o
                0x0000000008000a0c                HAL_IncTick
 .text.HAL_GetTick
                0x0000000008000a1c        0xc Drivers/STM32F4xx_HAL_Driver/Src/stm32f4xx_hal.o
                0x0000000008000a1c                HAL_GetTick
 .text.HAL_NVIC_SetPriorityGrouping
                0x0000000008000a28       0x24 Drivers/STM32F4xx_HAL_Driver/Src/stm32f4xx_hal_cortex.o
                0x0000000008000a28                HAL_NVIC_SetPriorityGrouping
 .text.HAL_NVIC_SetPriority
                0x0000000008000a4c       0x64 Drivers/STM32F4xx_HAL_Driver/Src/stm32f4xx_hal_cortex.o
                0x0000000008000a4c                HAL_NVIC_SetPriority
 .text.HAL_NVIC_EnableIRQ
                0x0000000008000ab0       0x18 Drivers/STM32F4xx_HAL_Driver/Src/stm32f4xx_hal_cortex.o
                0x0000000008000ab0                HAL_NVIC_EnableIRQ
 .text.HAL_SYSTICK_Config
                0x0000000008000ac8       0x2c Drivers/STM32F4xx_HAL_Driver/Src/stm32f4xx_hal_cortex.o
                0x0000000008000ac8                HAL_SYSTICK_Config
 .text.HAL_SYSTICK_CLKSourceConfig
                0x0000000008000af4       0x20 Drivers/STM32F4xx_HAL_Driver/Src/stm32f4xx_hal_cortex.o
                0x0000000008000af4                HAL_SYSTICK_CLKSourceConfig
 .text.HAL_SYSTICK_Callback
                0x0000000008000b14        0x2 Drivers/STM32F4xx_HAL_Driver/Src/stm32f4xx_hal_cortex.o
                0x0000000008000b14                HAL_SYSTICK_Callback
 .text.HAL_SYSTICK_IRQHandler
                0x0000000008000b16        0x8 Drivers/STM32F4xx_HAL_Driver/Src/stm32f4xx_hal_cortex.o
                0x0000000008000b16                HAL_SYSTICK_IRQHandler
 *fill*         0x0000000008000b1e        0x2 
 .text.HAL_GPIO_Init
                0x0000000008000b20      0x1cc Drivers/STM32F4xx_HAL_Driver/Src/stm32f4xx_hal_gpio.o
                0x0000000008000b20                HAL_GPIO_Init
 .text.HAL_GPIO_DeInit
                0x0000000008000cec      0x120 Drivers/STM32F4xx_HAL_Driver/Src/stm32f4xx_hal_gpio.o
                0x0000000008000cec                HAL_GPIO_DeInit
 .text.HAL_GPIO_WritePin
                0x0000000008000e0c        0xc Drivers/STM32F4xx_HAL_Driver/Src/stm32f4xx_hal_gpio.o
                0x0000000008000e0c                HAL_GPIO_WritePin
 .text.HAL_I2C_Init
                0x0000000008000e18      0x11c Drivers/STM32F4xx_HAL_Driver/Src/stm32f4xx_hal_i2c.o
                0x0000000008000e18                HAL_I2C_Init
 .text.I2S_Transmit_IT
                0x0000000008000f34       0x3a Drivers/STM32F4xx_HAL_Driver/Src/stm32f4xx_hal_i2s.o
 .text.I2S_Receive_IT
                0x0000000008000f6e       0x3a Drivers/STM32F4xx_HAL_Driver/Src/stm32f4xx_hal_i2s.o
 .text.HAL_I2S_Init
                0x0000000008000fa8      0x194 Drivers/STM32F4xx_HAL_Driver/Src/stm32f4xx_hal_i2s.o
                0x0000000008000fa8                HAL_I2S_Init
 .text.I2S_IRQHandler
                0x000000000800113c       0xd8 Drivers/STM32F4xx_HAL_Driver/Src/stm32f4xx_hal_i2s.o
 .text.HAL_I2SEx_TxRxCpltCallback
                0x0000000008001214        0x2 Drivers/STM32F4xx_HAL_Driver/Src/stm32f4xx_hal_i2s_ex.o
                0x0000000008001214                HAL_I2SEx_TxRxCpltCallback
 *fill*         0x0000000008001216        0x2 
 .text.I2SEx_FullDuplexTx_IT
                0x0000000008001218       0xa4 Drivers/STM32F4xx_HAL_Driver/Src/stm32f4xx_hal_i2s_ex.o
 .text.I2SEx_FullDuplexRx_IT
                0x00000000080012bc       0xa4 Drivers/STM32F4xx_HAL_Driver/Src/stm32f4xx_hal_i2s_ex.o
 .text.HAL_I2SEx_FullDuplex_IRQHandler
                0x0000000008001360      0x208 Drivers/STM32F4xx_HAL_Driver/Src/stm32f4xx_hal_i2s_ex.o
                0x0000000008001360                HAL_I2SEx_FullDuplex_IRQHandler
 .text.HAL_RCC_OscConfig
                0x0000000008001568      0x3b0 Drivers/STM32F4xx_HAL_Driver/Src/stm32f4xx_hal_rcc.o
                0x0000000008001568                HAL_RCC_OscConfig
 .text.HAL_RCC_GetSysClockFreq
                0x0000000008001918       0x94 Drivers/STM32F4xx_HAL_Driver/Src/stm32f4xx_hal_rcc.o
                0x0000000008001918                HAL_RCC_GetSysClockFreq
 .text.HAL_RCC_ClockConfig
                0x00000000080019ac      0x19c Drivers/STM32F4xx_HAL_Driver/Src/stm32f4xx_hal_rcc.o
                0x00000000080019ac                HAL_RCC_ClockConfig
 .text.HAL_RCC_GetHCLKFreq
                0x0000000008001b48        0xc Drivers/STM32F4xx_HAL_Driver/Src/stm32f4xx_hal_rcc.o
                0x0000000008001b48                HAL_RCC_GetHCLKFreq
 .text.HAL_RCC_GetPCLK1Freq
                0x0000000008001b54       0x2c Drivers/STM32F4xx_HAL_Driver/Src/stm32f4xx_hal_rcc.o
                0x0000000008001b54                HAL_RCC_GetPCLK1Freq
 .text.HAL_RCCEx_PeriphCLKConfig
                0x0000000008001b80      0x170 Drivers/STM32F4xx_HAL_Driver/Src/stm32f4xx_hal_rcc_ex.o
                0x0000000008001b80                HAL_RCCEx_PeriphCLKConfig
 .text.HAL_RCCEx_GetPeriphCLKFreq
                0x0000000008001cf0       0x74 Drivers/STM32F4xx_HAL_Driver/Src/stm32f4xx_hal_rcc_ex.o
                0x0000000008001cf0                HAL_RCCEx_GetPeriphCLKFreq
 .text.SPI_WaitFlagStateUntilTimeout
                0x0000000008001d64       0x96 Drivers/STM32F4xx_HAL_Driver/Src/stm32f4xx_hal_spi.o
 .text.SPI_CheckFlag_BSY
                0x0000000008001dfa       0x26 Drivers/STM32F4xx_HAL_Driver/Src/stm32f4xx_hal_spi.o
 .text.HAL_SPI_Init
                0x0000000008001e20       0x80 Drivers/STM32F4xx_HAL_Driver/Src/stm32f4xx_hal_spi.o
                0x0000000008001e20                HAL_SPI_Init
 .text.HAL_SPI_DeInit
                0x0000000008001ea0       0x2c Drivers/STM32F4xx_HAL_Driver/Src/stm32f4xx_hal_spi.o
                0x0000000008001ea0                HAL_SPI_DeInit
 .text.HAL_SPI_TransmitReceive
                0x0000000008001ecc      0x242 Drivers/STM32F4xx_HAL_Driver/Src/stm32f4xx_hal_spi.o
                0x0000000008001ecc                HAL_SPI_TransmitReceive
 .text.HAL_SPI_GetState
                0x000000000800210e        0x6 Drivers/STM32F4xx_HAL_Driver/Src/stm32f4xx_hal_spi.o
                0x000000000800210e                HAL_SPI_GetState
 .text.MX_GPIO_Init
                0x0000000008002114       0x98 Src/gpio.o
                0x0000000008002114                MX_GPIO_Init
 .text.MX_I2C1_Init
                0x00000000080021ac       0x44 Src/i2c.o
                0x00000000080021ac                MX_I2C1_Init
 .text.HAL_I2C_MspInit
                0x00000000080021f0       0x58 Src/i2c.o
                0x00000000080021f0                HAL_I2C_MspInit
 .text.MX_I2S3_Init
                0x0000000008002248       0x44 Src/i2s.o
                0x0000000008002248                MX_I2S3_Init
 .text.HAL_I2S_MspInit
                0x000000000800228c       0x80 Src/i2s.o
                0x000000000800228c                HAL_I2S_MspInit
 .text._Error_Handler
                0x000000000800230c        0x2 Src/main.o
                0x000000000800230c                _Error_Handler
 *fill*         0x000000000800230e        0x2 
 .text.SystemClock_Config
                0x0000000008002310       0xe4 Src/main.o
                0x0000000008002310                SystemClock_Config
 .text.main     0x00000000080023f4       0x44 Src/main.o
                0x00000000080023f4                main
 .text.MX_SPI1_Init
                0x0000000008002438       0x48 Src/spi.o
                0x0000000008002438                MX_SPI1_Init
 .text.HAL_SPI_MspInit
                0x0000000008002480       0x50 Src/spi.o
                0x0000000008002480                HAL_SPI_MspInit
 .text.HAL_SPI_MspDeInit
                0x00000000080024d0       0x2c Src/spi.o
                0x00000000080024d0                HAL_SPI_MspDeInit
 .text.HAL_MspInit
                0x00000000080024fc       0x5e Src/stm32f4xx_hal_msp.o
                0x00000000080024fc                HAL_MspInit
 .text.SVC_Handler
                0x000000000800255a        0x2 Src/stm32f4xx_it.o
                0x000000000800255a                SVC_Handler
 .text.PendSV_Handler
                0x000000000800255c        0x2 Src/stm32f4xx_it.o
                0x000000000800255c                PendSV_Handler
 .text.SysTick_Handler
                0x000000000800255e        0xc Src/stm32f4xx_it.o
                0x000000000800255e                SysTick_Handler
 *fill*         0x000000000800256a        0x2 
 .text.SystemInit
                0x000000000800256c       0x4c Src/system_stm32f4xx.o
                0x000000000800256c                SystemInit
 .text.Reset_Handler
                0x00000000080025b8       0x50 startup/startup_stm32f407xx.o
                0x00000000080025b8                Reset_Handler
 .text.Default_Handler
                0x0000000008002608        0x2 startup/startup_stm32f407xx.o
                0x0000000008002608                RTC_Alarm_IRQHandler
                0x0000000008002608                HASH_RNG_IRQHandler
                0x0000000008002608                EXTI2_IRQHandler
                0x0000000008002608                TIM8_CC_IRQHandler
                0x0000000008002608                DebugMon_Handler
                0x0000000008002608                TIM1_CC_IRQHandler
                0x0000000008002608                DMA2_Stream5_IRQHandler
                0x0000000008002608                HardFault_Handler
                0x0000000008002608                DMA1_Stream5_IRQHandler
                0x0000000008002608                PVD_IRQHandler
                0x0000000008002608                SDIO_IRQHandler
                0x0000000008002608                TAMP_STAMP_IRQHandler
                0x0000000008002608                NMI_Handler
                0x0000000008002608                CAN2_RX1_IRQHandler
                0x0000000008002608                EXTI3_IRQHandler
                0x0000000008002608                TIM8_TRG_COM_TIM14_IRQHandler
                0x0000000008002608                TIM1_UP_TIM10_IRQHandler
                0x0000000008002608                TIM8_UP_TIM13_IRQHandler
                0x0000000008002608                I2C3_ER_IRQHandler
                0x0000000008002608                EXTI0_IRQHandler
                0x0000000008002608                I2C2_EV_IRQHandler
                0x0000000008002608                DMA1_Stream2_IRQHandler
                0x0000000008002608                CAN1_RX0_IRQHandler
                0x0000000008002608                FPU_IRQHandler
                0x0000000008002608                OTG_HS_WKUP_IRQHandler
                0x0000000008002608                UsageFault_Handler
                0x0000000008002608                CAN2_SCE_IRQHandler
                0x0000000008002608                DMA2_Stream2_IRQHandler
                0x0000000008002608                SPI1_IRQHandler
                0x0000000008002608                TIM6_DAC_IRQHandler
                0x0000000008002608                TIM1_BRK_TIM9_IRQHandler
                0x0000000008002608                DCMI_IRQHandler
                0x0000000008002608                CAN2_RX0_IRQHandler
                0x0000000008002608                DMA2_Stream3_IRQHandler
                0x0000000008002608                USART6_IRQHandler
                0x0000000008002608                USART3_IRQHandler
                0x0000000008002608                CAN1_RX1_IRQHandler
                0x0000000008002608                UART5_IRQHandler
                0x0000000008002608                DMA2_Stream0_IRQHandler
                0x0000000008002608                TIM4_IRQHandler
                0x0000000008002608                I2C1_EV_IRQHandler
                0x0000000008002608                DMA1_Stream6_IRQHandler
                0x0000000008002608                DMA1_Stream1_IRQHandler
                0x0000000008002608                UART4_IRQHandler
                0x0000000008002608                TIM3_IRQHandler
                0x0000000008002608                RCC_IRQHandler
                0x0000000008002608                TIM8_BRK_TIM12_IRQHandler
                0x0000000008002608                Default_Handler
                0x0000000008002608                EXTI15_10_IRQHandler
                0x0000000008002608                ADC_IRQHandler
                0x0000000008002608                DMA1_Stream7_IRQHandler
                0x0000000008002608                TIM7_IRQHandler
                0x0000000008002608                CAN2_TX_IRQHandler
                0x0000000008002608                TIM5_IRQHandler
                0x0000000008002608                DMA2_Stream7_IRQHandler
                0x0000000008002608                I2C3_EV_IRQHandler
                0x0000000008002608                EXTI9_5_IRQHandler
                0x0000000008002608                RTC_WKUP_IRQHandler
                0x0000000008002608                ETH_WKUP_IRQHandler
                0x0000000008002608                SPI2_IRQHandler
                0x0000000008002608                OTG_HS_EP1_IN_IRQHandler
                0x0000000008002608                MemManage_Handler
                0x0000000008002608                DMA1_Stream0_IRQHandler
                0x0000000008002608                CAN1_TX_IRQHandler
                0x0000000008002608                EXTI4_IRQHandler
                0x0000000008002608                FSMC_IRQHandler
                0x0000000008002608                ETH_IRQHandler
                0x0000000008002608                OTG_HS_EP1_OUT_IRQHandler
                0x0000000008002608                WWDG_IRQHandler
                0x0000000008002608                TIM2_IRQHandler
                0x0000000008002608                OTG_FS_WKUP_IRQHandler
                0x0000000008002608                TIM1_TRG_COM_TIM11_IRQHandler
                0x0000000008002608                OTG_HS_IRQHandler
                0x0000000008002608                EXTI1_IRQHandler
                0x0000000008002608                USART2_IRQHandler
                0x0000000008002608                I2C2_ER_IRQHandler
                0x0000000008002608                DMA2_Stream1_IRQHandler
                0x0000000008002608                CAN1_SCE_IRQHandler
                0x0000000008002608                FLASH_IRQHandler
                0x0000000008002608                DMA2_Stream4_IRQHandler
                0x0000000008002608                BusFault_Handler
                0x0000000008002608                USART1_IRQHandler
                0x0000000008002608                OTG_FS_IRQHandler
                0x0000000008002608                SPI3_IRQHandler
                0x0000000008002608                DMA1_Stream4_IRQHandler
                0x0000000008002608                I2C1_ER_IRQHandler
                0x0000000008002608                DMA2_Stream6_IRQHandler
                0x0000000008002608                DMA1_Stream3_IRQHandler
 *fill*         0x000000000800260a        0x2 
 .text.__libc_init_array
                0x000000000800260c       0x48 /home/iot/Ac6/SystemWorkbench/plugins/fr.ac6.mcu.externaltools.arm-none.linux64_1.15.0.201708311556/tools/compiler/bin/../lib/gcc/arm-none-eabi/6.3.1/../../../../arm-none-eabi/lib/thumb/v7e-m/fpv4-sp/hard/libc_nano.a(lib_a-init.o)
                0x000000000800260c                __libc_init_array
 *(.glue_7)
 .glue_7        0x0000000008002654        0x0 linker stubs
 *(.glue_7t)
 .glue_7t       0x0000000008002654        0x0 linker stubs
 *(.eh_frame)
 .eh_frame      0x0000000008002654        0x0 /home/iot/Ac6/SystemWorkbench/plugins/fr.ac6.mcu.externaltools.arm-none.linux64_1.15.0.201708311556/tools/compiler/bin/../lib/gcc/arm-none-eabi/6.3.1/thumb/v7e-m/fpv4-sp/hard/crtbegin.o
 *(.init)
 .init          0x0000000008002654        0x4 /home/iot/Ac6/SystemWorkbench/plugins/fr.ac6.mcu.externaltools.arm-none.linux64_1.15.0.201708311556/tools/compiler/bin/../lib/gcc/arm-none-eabi/6.3.1/thumb/v7e-m/fpv4-sp/hard/crti.o
                0x0000000008002654                _init
 .init          0x0000000008002658        0x8 /home/iot/Ac6/SystemWorkbench/plugins/fr.ac6.mcu.externaltools.arm-none.linux64_1.15.0.201708311556/tools/compiler/bin/../lib/gcc/arm-none-eabi/6.3.1/thumb/v7e-m/fpv4-sp/hard/crtn.o
 *(.fini)
 .fini          0x0000000008002660        0x4 /home/iot/Ac6/SystemWorkbench/plugins/fr.ac6.mcu.externaltools.arm-none.linux64_1.15.0.201708311556/tools/compiler/bin/../lib/gcc/arm-none-eabi/6.3.1/thumb/v7e-m/fpv4-sp/hard/crti.o
                0x0000000008002660                _fini
 .fini          0x0000000008002664        0x8 /home/iot/Ac6/SystemWorkbench/plugins/fr.ac6.mcu.externaltools.arm-none.linux64_1.15.0.201708311556/tools/compiler/bin/../lib/gcc/arm-none-eabi/6.3.1/thumb/v7e-m/fpv4-sp/hard/crtn.o
                0x000000000800266c                . = ALIGN (0x4)
                0x000000000800266c                _etext = .

.vfp11_veneer   0x000000000800266c        0x0
 .vfp11_veneer  0x000000000800266c        0x0 linker stubs

.v4_bx          0x000000000800266c        0x0
 .v4_bx         0x000000000800266c        0x0 linker stubs

.iplt           0x000000000800266c        0x0
 .iplt          0x000000000800266c        0x0 /home/iot/Ac6/SystemWorkbench/plugins/fr.ac6.mcu.externaltools.arm-none.linux64_1.15.0.201708311556/tools/compiler/bin/../lib/gcc/arm-none-eabi/6.3.1/thumb/v7e-m/fpv4-sp/hard/crtbegin.o

.rodata         0x000000000800266c       0x58
                0x000000000800266c                . = ALIGN (0x4)
 *(.rodata)
 .rodata        0x000000000800266c       0x18 Src/system_stm32f4xx.o
                0x000000000800266c                AHBPrescTable
                0x000000000800267c                APBPrescTable
 *(.rodata*)
 .rodata.str1.4
                0x0000000008002684        0xd Src/i2c.o
 *fill*         0x0000000008002691        0x3 
 .rodata.str1.4
                0x0000000008002694        0xd Src/i2s.o
 *fill*         0x00000000080026a1        0x3 
 .rodata.str1.4
                0x00000000080026a4        0xe Src/main.o
 *fill*         0x00000000080026b2        0x2 
 .rodata.str1.4
                0x00000000080026b4       0x10 Src/spi.o
                                          0xd (size before relaxing)
                0x00000000080026c4                . = ALIGN (0x4)

.rel.dyn        0x00000000080026c4        0x0
 .rel.iplt      0x00000000080026c4        0x0 /home/iot/Ac6/SystemWorkbench/plugins/fr.ac6.mcu.externaltools.arm-none.linux64_1.15.0.201708311556/tools/compiler/bin/../lib/gcc/arm-none-eabi/6.3.1/thumb/v7e-m/fpv4-sp/hard/crtbegin.o

.ARM.extab
 *(.ARM.extab* .gnu.linkonce.armextab.*)

.ARM            0x00000000080026c4        0x0
                0x00000000080026c4                __exidx_start = .
 *(.ARM.exidx*)
                0x00000000080026c4                __exidx_end = .

.preinit_array  0x00000000080026c4        0x0
                0x00000000080026c4                PROVIDE (__preinit_array_start, .)
 *(.preinit_array*)
                0x00000000080026c4                PROVIDE (__preinit_array_end, .)

.init_array     0x00000000080026c4        0x4
                0x00000000080026c4                PROVIDE (__init_array_start, .)
 *(SORT(.init_array.*))
 *(.init_array*)
 .init_array    0x00000000080026c4        0x4 /home/iot/Ac6/SystemWorkbench/plugins/fr.ac6.mcu.externaltools.arm-none.linux64_1.15.0.201708311556/tools/compiler/bin/../lib/gcc/arm-none-eabi/6.3.1/thumb/v7e-m/fpv4-sp/hard/crtbegin.o
                0x00000000080026c8                PROVIDE (__init_array_end, .)

.fini_array     0x00000000080026c8        0x4
                [!provide]                        PROVIDE (__fini_array_start, .)
 *(SORT(.fini_array.*))
 *(.fini_array*)
 .fini_array    0x00000000080026c8        0x4 /home/iot/Ac6/SystemWorkbench/plugins/fr.ac6.mcu.externaltools.arm-none.linux64_1.15.0.201708311556/tools/compiler/bin/../lib/gcc/arm-none-eabi/6.3.1/thumb/v7e-m/fpv4-sp/hard/crtbegin.o
                [!provide]                        PROVIDE (__fini_array_end, .)
                0x00000000080026cc                _sidata = LOADADDR (.data)

.data           0x0000000020000000       0x88 load address 0x00000000080026cc
                0x0000000020000000                . = ALIGN (0x4)
                0x0000000020000000                _sdata = .
 *(.data)
 .data          0x0000000020000000       0x34 Drivers/STM32F4xx_HAL_Driver/Src/lis302dl.o
                0x0000000020000000                Lis302dlDrv
 .data          0x0000000020000034       0x34 Drivers/STM32F4xx_HAL_Driver/Src/lis3dsh.o
                0x0000000020000034                Lis3dshDrv
 .data          0x0000000020000068       0x1c Drivers/STM32F4xx_HAL_Driver/Src/stm32f4_discovery.o
                0x0000000020000068                SpixTimeout
                0x000000002000006c                I2cxTimeout
                0x0000000020000070                GPIO_PORT
                0x0000000020000080                BUTTON_PORT
 .data          0x0000000020000084        0x4 Src/system_stm32f4xx.o
                0x0000000020000084                SystemCoreClock
 *(.data*)
                0x0000000020000088                . = ALIGN (0x4)
                0x0000000020000088                _edata = .
                0x0000000008002754                _siccmram = LOADADDR (.ccmram)

.jcr            0x0000000020000088        0x0 load address 0x0000000008002754
 .jcr           0x0000000020000088        0x0 /home/iot/Ac6/SystemWorkbench/plugins/fr.ac6.mcu.externaltools.arm-none.linux64_1.15.0.201708311556/tools/compiler/bin/../lib/gcc/arm-none-eabi/6.3.1/thumb/v7e-m/fpv4-sp/hard/crtbegin.o

.igot.plt       0x0000000020000088        0x0 load address 0x0000000008002754
 .igot.plt      0x0000000020000088        0x0 /home/iot/Ac6/SystemWorkbench/plugins/fr.ac6.mcu.externaltools.arm-none.linux64_1.15.0.201708311556/tools/compiler/bin/../lib/gcc/arm-none-eabi/6.3.1/thumb/v7e-m/fpv4-sp/hard/crtbegin.o

.ccmram         0x0000000010000000        0x0 load address 0x0000000008002754
                0x0000000010000000                . = ALIGN (0x4)
                0x0000000010000000                _sccmram = .
 *(.ccmram)
 *(.ccmram*)
                0x0000000010000000                . = ALIGN (0x4)
                0x0000000010000000                _eccmram = .
                0x0000000010000000                . = ALIGN (0x4)

.bss            0x0000000020000088      0x1d0
                0x0000000020000088                _sbss = .
                0x0000000020000088                __bss_start__ = _sbss
 *(.bss)
 .bss           0x0000000020000088       0x1c /home/iot/Ac6/SystemWorkbench/plugins/fr.ac6.mcu.externaltools.arm-none.linux64_1.15.0.201708311556/tools/compiler/bin/../lib/gcc/arm-none-eabi/6.3.1/thumb/v7e-m/fpv4-sp/hard/crtbegin.o
 .bss           0x00000000200000a4       0xac Drivers/STM32F4xx_HAL_Driver/Src/stm32f4_discovery.o
 .bss           0x0000000020000150        0x4 Drivers/STM32F4xx_HAL_Driver/Src/stm32f4_discovery_accelerometer.o
 .bss           0x0000000020000154        0xc Src/main.o
                0x0000000020000154                buf
                0x000000002000015a                x
                0x000000002000015c                y
                0x000000002000015e                z
 *(.bss*)
 *(COMMON)
 COMMON         0x0000000020000160        0x4 Drivers/STM32F4xx_HAL_Driver/Src/stm32f4xx_hal.o
                0x0000000020000160                uwTick
 COMMON         0x0000000020000164       0x54 Src/i2c.o
                0x0000000020000164                hi2c1
 COMMON         0x00000000200001b8       0x48 Src/i2s.o
                0x00000000200001b8                hi2s3
 COMMON         0x0000000020000200       0x58 Src/spi.o
                0x0000000020000200                hspi1
                0x0000000020000258                . = ALIGN (0x4)
                0x0000000020000258                _ebss = .
                0x0000000020000258                __bss_end__ = _ebss

._user_heap_stack
                0x0000000020000258      0x600
                0x0000000020000258                . = ALIGN (0x8)
                [!provide]                        PROVIDE (end, .)
                [!provide]                        PROVIDE (_end, .)
                0x0000000020000458                . = (. + _Min_Heap_Size)
 *fill*         0x0000000020000258      0x200 
                0x0000000020000858                . = (. + _Min_Stack_Size)
 *fill*         0x0000000020000458      0x400 
                0x0000000020000858                . = ALIGN (0x8)

/DISCARD/
 libc.a(*)
 libm.a(*)
 libgcc.a(*)

.ARM.attributes
                0x0000000000000000       0x30
 *(.ARM.attributes)
 .ARM.attributes
                0x0000000000000000       0x22 /home/iot/Ac6/SystemWorkbench/plugins/fr.ac6.mcu.externaltools.arm-none.linux64_1.15.0.201708311556/tools/compiler/bin/../lib/gcc/arm-none-eabi/6.3.1/thumb/v7e-m/fpv4-sp/hard/crti.o
 .ARM.attributes
                0x0000000000000022       0x34 /home/iot/Ac6/SystemWorkbench/plugins/fr.ac6.mcu.externaltools.arm-none.linux64_1.15.0.201708311556/tools/compiler/bin/../lib/gcc/arm-none-eabi/6.3.1/thumb/v7e-m/fpv4-sp/hard/crtbegin.o
 .ARM.attributes
                0x0000000000000056       0x39 Drivers/STM32F4xx_HAL_Driver/Src/lis302dl.o
 .ARM.attributes
                0x000000000000008f       0x39 Drivers/STM32F4xx_HAL_Driver/Src/lis3dsh.o
 .ARM.attributes
                0x00000000000000c8       0x39 Drivers/STM32F4xx_HAL_Driver/Src/stm32f4_discovery.o
 .ARM.attributes
                0x0000000000000101       0x39 Drivers/STM32F4xx_HAL_Driver/Src/stm32f4_discovery_accelerometer.o
 .ARM.attributes
                0x000000000000013a       0x39 Drivers/STM32F4xx_HAL_Driver/Src/stm32f4_discovery_audio.o
 .ARM.attributes
                0x0000000000000173       0x39 Drivers/STM32F4xx_HAL_Driver/Src/stm32f4xx_hal.o
 .ARM.attributes
                0x00000000000001ac       0x39 Drivers/STM32F4xx_HAL_Driver/Src/stm32f4xx_hal_cortex.o
 .ARM.attributes
                0x00000000000001e5       0x39 Drivers/STM32F4xx_HAL_Driver/Src/stm32f4xx_hal_gpio.o
 .ARM.attributes
                0x000000000000021e       0x39 Drivers/STM32F4xx_HAL_Driver/Src/stm32f4xx_hal_i2c.o
 .ARM.attributes
                0x0000000000000257       0x39 Drivers/STM32F4xx_HAL_Driver/Src/stm32f4xx_hal_i2s.o
 .ARM.attributes
                0x0000000000000290       0x39 Drivers/STM32F4xx_HAL_Driver/Src/stm32f4xx_hal_i2s_ex.o
 .ARM.attributes
                0x00000000000002c9       0x39 Drivers/STM32F4xx_HAL_Driver/Src/stm32f4xx_hal_rcc.o
 .ARM.attributes
                0x0000000000000302       0x39 Drivers/STM32F4xx_HAL_Driver/Src/stm32f4xx_hal_rcc_ex.o
 .ARM.attributes
                0x000000000000033b       0x39 Drivers/STM32F4xx_HAL_Driver/Src/stm32f4xx_hal_spi.o
 .ARM.attributes
                0x0000000000000374       0x39 Src/gpio.o
 .ARM.attributes
                0x00000000000003ad       0x39 Src/i2c.o
 .ARM.attributes
                0x00000000000003e6       0x39 Src/i2s.o
 .ARM.attributes
                0x000000000000041f       0x39 Src/main.o
 .ARM.attributes
                0x0000000000000458       0x39 Src/spi.o
 .ARM.attributes
                0x0000000000000491       0x39 Src/stm32f4xx_hal_msp.o
 .ARM.attributes
                0x00000000000004ca       0x39 Src/stm32f4xx_it.o
 .ARM.attributes
                0x0000000000000503       0x39 Src/system_stm32f4xx.o
 .ARM.attributes
                0x000000000000053c       0x21 startup/startup_stm32f407xx.o
 .ARM.attributes
                0x000000000000055d       0x34 /home/iot/Ac6/SystemWorkbench/plugins/fr.ac6.mcu.externaltools.arm-none.linux64_1.15.0.201708311556/tools/compiler/bin/../lib/gcc/arm-none-eabi/6.3.1/../../../../arm-none-eabi/lib/thumb/v7e-m/fpv4-sp/hard/libc_nano.a(lib_a-init.o)
 .ARM.attributes
                0x0000000000000591       0x22 /home/iot/Ac6/SystemWorkbench/plugins/fr.ac6.mcu.externaltools.arm-none.linux64_1.15.0.201708311556/tools/compiler/bin/../lib/gcc/arm-none-eabi/6.3.1/thumb/v7e-m/fpv4-sp/hard/crtn.o
OUTPUT(SPI-BSP.elf elf32-littlearm)

.debug_info     0x0000000000000000    0x1c8ce
 .debug_info    0x0000000000000000      0x831 Drivers/STM32F4xx_HAL_Driver/Src/lis302dl.o
 .debug_info    0x0000000000000831      0x8ae Drivers/STM32F4xx_HAL_Driver/Src/lis3dsh.o
 .debug_info    0x00000000000010df     0x21f4 Drivers/STM32F4xx_HAL_Driver/Src/stm32f4_discovery.o
 .debug_info    0x00000000000032d3      0xcd1 Drivers/STM32F4xx_HAL_Driver/Src/stm32f4_discovery_accelerometer.o
 .debug_info    0x0000000000003fa4     0x24b7 Drivers/STM32F4xx_HAL_Driver/Src/stm32f4_discovery_audio.o
 .debug_info    0x000000000000645b     0x119e Drivers/STM32F4xx_HAL_Driver/Src/stm32f4xx_hal.o
 .debug_info    0x00000000000075f9     0x175a Drivers/STM32F4xx_HAL_Driver/Src/stm32f4xx_hal_cortex.o
 .debug_info    0x0000000000008d53      0xf97 Drivers/STM32F4xx_HAL_Driver/Src/stm32f4xx_hal_gpio.o
 .debug_info    0x0000000000009cea     0x36e2 Drivers/STM32F4xx_HAL_Driver/Src/stm32f4xx_hal_i2c.o
 .debug_info    0x000000000000d3cc     0x17f1 Drivers/STM32F4xx_HAL_Driver/Src/stm32f4xx_hal_i2s.o
 .debug_info    0x000000000000ebbd     0x1596 Drivers/STM32F4xx_HAL_Driver/Src/stm32f4xx_hal_i2s_ex.o
 .debug_info    0x0000000000010153     0x1500 Drivers/STM32F4xx_HAL_Driver/Src/stm32f4xx_hal_rcc.o
 .debug_info    0x0000000000011653      0xe3e Drivers/STM32F4xx_HAL_Driver/Src/stm32f4xx_hal_rcc_ex.o
 .debug_info    0x0000000000012491     0x220a Drivers/STM32F4xx_HAL_Driver/Src/stm32f4xx_hal_spi.o
 .debug_info    0x000000000001469b      0xd0d Src/gpio.o
 .debug_info    0x00000000000153a8     0x1227 Src/i2c.o
 .debug_info    0x00000000000165cf     0x122c Src/i2s.o
 .debug_info    0x00000000000177fb     0x1b23 Src/main.o
 .debug_info    0x000000000001931e     0x1200 Src/spi.o
 .debug_info    0x000000000001a51e      0xc75 Src/stm32f4xx_hal_msp.o
 .debug_info    0x000000000001b193      0x9a4 Src/stm32f4xx_it.o
 .debug_info    0x000000000001bb37      0xd30 Src/system_stm32f4xx.o
 .debug_info    0x000000000001c867       0x67 startup/startup_stm32f407xx.o

.debug_abbrev   0x0000000000000000     0x3b1b
 .debug_abbrev  0x0000000000000000      0x1cb Drivers/STM32F4xx_HAL_Driver/Src/lis302dl.o
 .debug_abbrev  0x00000000000001cb      0x1cb Drivers/STM32F4xx_HAL_Driver/Src/lis3dsh.o
 .debug_abbrev  0x0000000000000396      0x353 Drivers/STM32F4xx_HAL_Driver/Src/stm32f4_discovery.o
 .debug_abbrev  0x00000000000006e9      0x28b Drivers/STM32F4xx_HAL_Driver/Src/stm32f4_discovery_accelerometer.o
 .debug_abbrev  0x0000000000000974      0x384 Drivers/STM32F4xx_HAL_Driver/Src/stm32f4_discovery_audio.o
 .debug_abbrev  0x0000000000000cf8      0x347 Drivers/STM32F4xx_HAL_Driver/Src/stm32f4xx_hal.o
 .debug_abbrev  0x000000000000103f      0x3d4 Drivers/STM32F4xx_HAL_Driver/Src/stm32f4xx_hal_cortex.o
 .debug_abbrev  0x0000000000001413      0x2a5 Drivers/STM32F4xx_HAL_Driver/Src/stm32f4xx_hal_gpio.o
 .debug_abbrev  0x00000000000016b8      0x2f9 Drivers/STM32F4xx_HAL_Driver/Src/stm32f4xx_hal_i2c.o
 .debug_abbrev  0x00000000000019b1      0x32a Drivers/STM32F4xx_HAL_Driver/Src/stm32f4xx_hal_i2s.o
 .debug_abbrev  0x0000000000001cdb      0x31b Drivers/STM32F4xx_HAL_Driver/Src/stm32f4xx_hal_i2s_ex.o
 .debug_abbrev  0x0000000000001ff6      0x370 Drivers/STM32F4xx_HAL_Driver/Src/stm32f4xx_hal_rcc.o
 .debug_abbrev  0x0000000000002366      0x2e0 Drivers/STM32F4xx_HAL_Driver/Src/stm32f4xx_hal_rcc_ex.o
 .debug_abbrev  0x0000000000002646      0x2f0 Drivers/STM32F4xx_HAL_Driver/Src/stm32f4xx_hal_spi.o
 .debug_abbrev  0x0000000000002936      0x229 Src/gpio.o
 .debug_abbrev  0x0000000000002b5f      0x256 Src/i2c.o
 .debug_abbrev  0x0000000000002db5      0x256 Src/i2s.o
 .debug_abbrev  0x000000000000300b      0x2a2 Src/main.o
 .debug_abbrev  0x00000000000032ad      0x256 Src/spi.o
 .debug_abbrev  0x0000000000003503      0x209 Src/stm32f4xx_hal_msp.o
 .debug_abbrev  0x000000000000370c      0x1f8 Src/stm32f4xx_it.o
 .debug_abbrev  0x0000000000003904      0x205 Src/system_stm32f4xx.o
 .debug_abbrev  0x0000000000003b09       0x12 startup/startup_stm32f407xx.o

.debug_loc      0x0000000000000000     0x8bcd
 .debug_loc     0x0000000000000000      0x163 Drivers/STM32F4xx_HAL_Driver/Src/lis302dl.o
 .debug_loc     0x0000000000000163      0x1b5 Drivers/STM32F4xx_HAL_Driver/Src/lis3dsh.o
 .debug_loc     0x0000000000000318      0x45a Drivers/STM32F4xx_HAL_Driver/Src/stm32f4_discovery.o
 .debug_loc     0x0000000000000772      0x123 Drivers/STM32F4xx_HAL_Driver/Src/stm32f4_discovery_accelerometer.o
 .debug_loc     0x0000000000000895      0x788 Drivers/STM32F4xx_HAL_Driver/Src/stm32f4_discovery_audio.o
 .debug_loc     0x000000000000101d       0x91 Drivers/STM32F4xx_HAL_Driver/Src/stm32f4xx_hal.o
 .debug_loc     0x00000000000010ae      0x5ce Drivers/STM32F4xx_HAL_Driver/Src/stm32f4xx_hal_cortex.o
 .debug_loc     0x000000000000167c      0x3fd Drivers/STM32F4xx_HAL_Driver/Src/stm32f4xx_hal_gpio.o
 .debug_loc     0x0000000000001a79     0x31a5 Drivers/STM32F4xx_HAL_Driver/Src/stm32f4xx_hal_i2c.o
 .debug_loc     0x0000000000004c1e      0xf9e Drivers/STM32F4xx_HAL_Driver/Src/stm32f4xx_hal_i2s.o
 .debug_loc     0x0000000000005bbc      0xc78 Drivers/STM32F4xx_HAL_Driver/Src/stm32f4xx_hal_i2s_ex.o
 .debug_loc     0x0000000000006834      0x53b Drivers/STM32F4xx_HAL_Driver/Src/stm32f4xx_hal_rcc.o
 .debug_loc     0x0000000000006d6f      0x28b Drivers/STM32F4xx_HAL_Driver/Src/stm32f4xx_hal_rcc_ex.o
 .debug_loc     0x0000000000006ffa     0x1984 Drivers/STM32F4xx_HAL_Driver/Src/stm32f4xx_hal_spi.o
 .debug_loc     0x000000000000897e       0x5b Src/i2c.o
 .debug_loc     0x00000000000089d9       0x5b Src/i2s.o
 .debug_loc     0x0000000000008a34       0x5b Src/spi.o
 .debug_loc     0x0000000000008a8f      0x13e Src/system_stm32f4xx.o

.debug_aranges  0x0000000000000000      0xce8
 .debug_aranges
                0x0000000000000000       0x78 Drivers/STM32F4xx_HAL_Driver/Src/lis302dl.o
 .debug_aranges
                0x0000000000000078       0x68 Drivers/STM32F4xx_HAL_Driver/Src/lis3dsh.o
 .debug_aranges
                0x00000000000000e0       0xd8 Drivers/STM32F4xx_HAL_Driver/Src/stm32f4_discovery.o
 .debug_aranges
                0x00000000000001b8       0x48 Drivers/STM32F4xx_HAL_Driver/Src/stm32f4_discovery_accelerometer.o
 .debug_aranges
                0x0000000000000200      0x140 Drivers/STM32F4xx_HAL_Driver/Src/stm32f4_discovery_audio.o
 .debug_aranges
                0x0000000000000340       0xc8 Drivers/STM32F4xx_HAL_Driver/Src/stm32f4xx_hal.o
 .debug_aranges
                0x0000000000000408       0xa8 Drivers/STM32F4xx_HAL_Driver/Src/stm32f4xx_hal_cortex.o
 .debug_aranges
                0x00000000000004b0       0x58 Drivers/STM32F4xx_HAL_Driver/Src/stm32f4xx_hal_gpio.o
 .debug_aranges
                0x0000000000000508      0x268 Drivers/STM32F4xx_HAL_Driver/Src/stm32f4xx_hal_i2c.o
 .debug_aranges
                0x0000000000000770      0x108 Drivers/STM32F4xx_HAL_Driver/Src/stm32f4xx_hal_i2s.o
 .debug_aranges
                0x0000000000000878       0x68 Drivers/STM32F4xx_HAL_Driver/Src/stm32f4xx_hal_i2s_ex.o
 .debug_aranges
                0x00000000000008e0       0x88 Drivers/STM32F4xx_HAL_Driver/Src/stm32f4xx_hal_rcc.o
 .debug_aranges
                0x0000000000000968       0x38 Drivers/STM32F4xx_HAL_Driver/Src/stm32f4xx_hal_rcc_ex.o
 .debug_aranges
                0x00000000000009a0      0x1c8 Drivers/STM32F4xx_HAL_Driver/Src/stm32f4xx_hal_spi.o
 .debug_aranges
                0x0000000000000b68       0x20 Src/gpio.o
 .debug_aranges
                0x0000000000000b88       0x30 Src/i2c.o
 .debug_aranges
                0x0000000000000bb8       0x30 Src/i2s.o
 .debug_aranges
                0x0000000000000be8       0x30 Src/main.o
 .debug_aranges
                0x0000000000000c18       0x30 Src/spi.o
 .debug_aranges
                0x0000000000000c48       0x20 Src/stm32f4xx_hal_msp.o
 .debug_aranges
                0x0000000000000c68       0x30 Src/stm32f4xx_it.o
 .debug_aranges
                0x0000000000000c98       0x28 Src/system_stm32f4xx.o
 .debug_aranges
                0x0000000000000cc0       0x28 startup/startup_stm32f407xx.o

.debug_ranges   0x0000000000000000      0xbf8
 .debug_ranges  0x0000000000000000       0x68 Drivers/STM32F4xx_HAL_Driver/Src/lis302dl.o
 .debug_ranges  0x0000000000000068       0x58 Drivers/STM32F4xx_HAL_Driver/Src/lis3dsh.o
 .debug_ranges  0x00000000000000c0       0xc8 Drivers/STM32F4xx_HAL_Driver/Src/stm32f4_discovery.o
 .debug_ranges  0x0000000000000188       0x38 Drivers/STM32F4xx_HAL_Driver/Src/stm32f4_discovery_accelerometer.o
 .debug_ranges  0x00000000000001c0      0x130 Drivers/STM32F4xx_HAL_Driver/Src/stm32f4_discovery_audio.o
 .debug_ranges  0x00000000000002f0       0xb8 Drivers/STM32F4xx_HAL_Driver/Src/stm32f4xx_hal.o
 .debug_ranges  0x00000000000003a8       0xf8 Drivers/STM32F4xx_HAL_Driver/Src/stm32f4xx_hal_cortex.o
 .debug_ranges  0x00000000000004a0       0x48 Drivers/STM32F4xx_HAL_Driver/Src/stm32f4xx_hal_gpio.o
 .debug_ranges  0x00000000000004e8      0x258 Drivers/STM32F4xx_HAL_Driver/Src/stm32f4xx_hal_i2c.o
 .debug_ranges  0x0000000000000740       0xf8 Drivers/STM32F4xx_HAL_Driver/Src/stm32f4xx_hal_i2s.o
 .debug_ranges  0x0000000000000838       0x70 Drivers/STM32F4xx_HAL_Driver/Src/stm32f4xx_hal_i2s_ex.o
 .debug_ranges  0x00000000000008a8       0x78 Drivers/STM32F4xx_HAL_Driver/Src/stm32f4xx_hal_rcc.o
 .debug_ranges  0x0000000000000920       0x28 Drivers/STM32F4xx_HAL_Driver/Src/stm32f4xx_hal_rcc_ex.o
 .debug_ranges  0x0000000000000948      0x1b8 Drivers/STM32F4xx_HAL_Driver/Src/stm32f4xx_hal_spi.o
 .debug_ranges  0x0000000000000b00       0x10 Src/gpio.o
 .debug_ranges  0x0000000000000b10       0x20 Src/i2c.o
 .debug_ranges  0x0000000000000b30       0x20 Src/i2s.o
 .debug_ranges  0x0000000000000b50       0x20 Src/main.o
 .debug_ranges  0x0000000000000b70       0x20 Src/spi.o
 .debug_ranges  0x0000000000000b90       0x10 Src/stm32f4xx_hal_msp.o
 .debug_ranges  0x0000000000000ba0       0x20 Src/stm32f4xx_it.o
 .debug_ranges  0x0000000000000bc0       0x18 Src/system_stm32f4xx.o
 .debug_ranges  0x0000000000000bd8       0x20 startup/startup_stm32f407xx.o

.debug_macro    0x0000000000000000    0x229dd
 .debug_macro   0x0000000000000000       0x7c Drivers/STM32F4xx_HAL_Driver/Src/lis302dl.o
 .debug_macro   0x000000000000007c      0x1d1 Drivers/STM32F4xx_HAL_Driver/Src/lis302dl.o
 .debug_macro   0x000000000000024d       0x7c Drivers/STM32F4xx_HAL_Driver/Src/lis3dsh.o
 .debug_macro   0x00000000000002c9      0x428 Drivers/STM32F4xx_HAL_Driver/Src/lis3dsh.o
 .debug_macro   0x00000000000006f1      0x360 Drivers/STM32F4xx_HAL_Driver/Src/stm32f4_discovery.o
 .debug_macro   0x0000000000000a51       0x10 Drivers/STM32F4xx_HAL_Driver/Src/stm32f4_discovery.o
 .debug_macro   0x0000000000000a61      0x186 Drivers/STM32F4xx_HAL_Driver/Src/stm32f4_discovery.o
 .debug_macro   0x0000000000000be7       0x33 Drivers/STM32F4xx_HAL_Driver/Src/stm32f4_discovery.o
 .debug_macro   0x0000000000000c1a       0x28 Drivers/STM32F4xx_HAL_Driver/Src/stm32f4_discovery.o
 .debug_macro   0x0000000000000c42       0x35 Drivers/STM32F4xx_HAL_Driver/Src/stm32f4_discovery.o
 .debug_macro   0x0000000000000c77       0x50 Drivers/STM32F4xx_HAL_Driver/Src/stm32f4_discovery.o
 .debug_macro   0x0000000000000cc7      0xe66 Drivers/STM32F4xx_HAL_Driver/Src/stm32f4_discovery.o
 .debug_macro   0x0000000000001b2d    0x15e04 Drivers/STM32F4xx_HAL_Driver/Src/stm32f4_discovery.o
 .debug_macro   0x0000000000017931       0x43 Drivers/STM32F4xx_HAL_Driver/Src/stm32f4_discovery.o
 .debug_macro   0x0000000000017974     0x3574 Drivers/STM32F4xx_HAL_Driver/Src/stm32f4_discovery.o
 .debug_macro   0x000000000001aee8       0x58 Drivers/STM32F4xx_HAL_Driver/Src/stm32f4_discovery.o
 .debug_macro   0x000000000001af40       0x35 Drivers/STM32F4xx_HAL_Driver/Src/stm32f4_discovery.o
 .debug_macro   0x000000000001af75       0x9c Drivers/STM32F4xx_HAL_Driver/Src/stm32f4_discovery.o
 .debug_macro   0x000000000001b011       0x16 Drivers/STM32F4xx_HAL_Driver/Src/stm32f4_discovery.o
 .debug_macro   0x000000000001b027       0x97 Drivers/STM32F4xx_HAL_Driver/Src/stm32f4_discovery.o
 .debug_macro   0x000000000001b0be      0x330 Drivers/STM32F4xx_HAL_Driver/Src/stm32f4_discovery.o
 .debug_macro   0x000000000001b3ee       0xfd Drivers/STM32F4xx_HAL_Driver/Src/stm32f4_discovery.o
 .debug_macro   0x000000000001b4eb       0x10 Drivers/STM32F4xx_HAL_Driver/Src/stm32f4_discovery.o
 .debug_macro   0x000000000001b4fb       0x58 Drivers/STM32F4xx_HAL_Driver/Src/stm32f4_discovery.o
 .debug_macro   0x000000000001b553       0x1f Drivers/STM32F4xx_HAL_Driver/Src/stm32f4_discovery.o
 .debug_macro   0x000000000001b572       0x43 Drivers/STM32F4xx_HAL_Driver/Src/stm32f4_discovery.o
 .debug_macro   0x000000000001b5b5       0x20 Drivers/STM32F4xx_HAL_Driver/Src/stm32f4_discovery.o
 .debug_macro   0x000000000001b5d5      0x187 Drivers/STM32F4xx_HAL_Driver/Src/stm32f4_discovery.o
 .debug_macro   0x000000000001b75c       0x10 Drivers/STM32F4xx_HAL_Driver/Src/stm32f4_discovery.o
 .debug_macro   0x000000000001b76c       0x1c Drivers/STM32F4xx_HAL_Driver/Src/stm32f4_discovery.o
 .debug_macro   0x000000000001b788       0x52 Drivers/STM32F4xx_HAL_Driver/Src/stm32f4_discovery.o
 .debug_macro   0x000000000001b7da       0x40 Drivers/STM32F4xx_HAL_Driver/Src/stm32f4_discovery.o
 .debug_macro   0x000000000001b81a       0x10 Drivers/STM32F4xx_HAL_Driver/Src/stm32f4_discovery.o
 .debug_macro   0x000000000001b82a       0x40 Drivers/STM32F4xx_HAL_Driver/Src/stm32f4_discovery.o
 .debug_macro   0x000000000001b86a       0xd7 Drivers/STM32F4xx_HAL_Driver/Src/stm32f4_discovery.o
 .debug_macro   0x000000000001b941       0x16 Drivers/STM32F4xx_HAL_Driver/Src/stm32f4_discovery.o
 .debug_macro   0x000000000001b957      0x18b Drivers/STM32F4xx_HAL_Driver/Src/stm32f4_discovery.o
 .debug_macro   0x000000000001bae2       0x50 Drivers/STM32F4xx_HAL_Driver/Src/stm32f4_discovery.o
 .debug_macro   0x000000000001bb32      0x96b Drivers/STM32F4xx_HAL_Driver/Src/stm32f4_discovery.o
 .debug_macro   0x000000000001c49d      0x9e1 Drivers/STM32F4xx_HAL_Driver/Src/stm32f4_discovery.o
 .debug_macro   0x000000000001ce7e      0x11e Drivers/STM32F4xx_HAL_Driver/Src/stm32f4_discovery.o
 .debug_macro   0x000000000001cf9c      0x13e Drivers/STM32F4xx_HAL_Driver/Src/stm32f4_discovery.o
 .debug_macro   0x000000000001d0da       0x27 Drivers/STM32F4xx_HAL_Driver/Src/stm32f4_discovery.o
 .debug_macro   0x000000000001d101      0x287 Drivers/STM32F4xx_HAL_Driver/Src/stm32f4_discovery.o
 .debug_macro   0x000000000001d388       0x5f Drivers/STM32F4xx_HAL_Driver/Src/stm32f4_discovery.o
 .debug_macro   0x000000000001d3e7      0x23a Drivers/STM32F4xx_HAL_Driver/Src/stm32f4_discovery.o
 .debug_macro   0x000000000001d621      0x133 Drivers/STM32F4xx_HAL_Driver/Src/stm32f4_discovery.o
 .debug_macro   0x000000000001d754      0x21e Drivers/STM32F4xx_HAL_Driver/Src/stm32f4_discovery.o
 .debug_macro   0x000000000001d972       0x2e Drivers/STM32F4xx_HAL_Driver/Src/stm32f4_discovery.o
 .debug_macro   0x000000000001d9a0      0x1a7 Drivers/STM32F4xx_HAL_Driver/Src/stm32f4_discovery.o
 .debug_macro   0x000000000001db47       0xa5 Drivers/STM32F4xx_HAL_Driver/Src/stm32f4_discovery.o
 .debug_macro   0x000000000001dbec      0x192 Drivers/STM32F4xx_HAL_Driver/Src/stm32f4_discovery.o
 .debug_macro   0x000000000001dd7e       0x40 Drivers/STM32F4xx_HAL_Driver/Src/stm32f4_discovery.o
 .debug_macro   0x000000000001ddbe       0x3c Drivers/STM32F4xx_HAL_Driver/Src/stm32f4_discovery.o
 .debug_macro   0x000000000001ddfa      0x11e Drivers/STM32F4xx_HAL_Driver/Src/stm32f4_discovery.o
 .debug_macro   0x000000000001df18       0x7f Drivers/STM32F4xx_HAL_Driver/Src/stm32f4_discovery.o
 .debug_macro   0x000000000001df97       0x89 Drivers/STM32F4xx_HAL_Driver/Src/stm32f4_discovery.o
 .debug_macro   0x000000000001e020      0x202 Drivers/STM32F4xx_HAL_Driver/Src/stm32f4_discovery.o
 .debug_macro   0x000000000001e222      0x125 Drivers/STM32F4xx_HAL_Driver/Src/stm32f4_discovery.o
 .debug_macro   0x000000000001e347      0x1e2 Drivers/STM32F4xx_HAL_Driver/Src/stm32f4_discovery.o
 .debug_macro   0x000000000001e529      0x36e Drivers/STM32F4xx_HAL_Driver/Src/stm32f4_discovery_accelerometer.o
 .debug_macro   0x000000000001e897      0x42e Drivers/STM32F4xx_HAL_Driver/Src/stm32f4_discovery_accelerometer.o
 .debug_macro   0x000000000001ecc5      0x373 Drivers/STM32F4xx_HAL_Driver/Src/stm32f4_discovery_audio.o
 .debug_macro   0x000000000001f038       0x3b Drivers/STM32F4xx_HAL_Driver/Src/stm32f4_discovery_audio.o
 .debug_macro   0x000000000001f073       0x10 Drivers/STM32F4xx_HAL_Driver/Src/stm32f4_discovery_audio.o
 .debug_macro   0x000000000001f083      0x16a Drivers/STM32F4xx_HAL_Driver/Src/stm32f4_discovery_audio.o
 .debug_macro   0x000000000001f1ed      0x393 Drivers/STM32F4xx_HAL_Driver/Src/stm32f4xx_hal.o
 .debug_macro   0x000000000001f580      0x333 Drivers/STM32F4xx_HAL_Driver/Src/stm32f4xx_hal_cortex.o
 .debug_macro   0x000000000001f8b3      0x36b Drivers/STM32F4xx_HAL_Driver/Src/stm32f4xx_hal_gpio.o
 .debug_macro   0x000000000001fc1e      0x373 Drivers/STM32F4xx_HAL_Driver/Src/stm32f4xx_hal_i2c.o
 .debug_macro   0x000000000001ff91      0x334 Drivers/STM32F4xx_HAL_Driver/Src/stm32f4xx_hal_i2s.o
 .debug_macro   0x00000000000202c5      0x333 Drivers/STM32F4xx_HAL_Driver/Src/stm32f4xx_hal_i2s_ex.o
 .debug_macro   0x00000000000205f8      0x35d Drivers/STM32F4xx_HAL_Driver/Src/stm32f4xx_hal_rcc.o
 .debug_macro   0x0000000000020955      0x333 Drivers/STM32F4xx_HAL_Driver/Src/stm32f4xx_hal_rcc_ex.o
 .debug_macro   0x0000000000020c88      0x33b Drivers/STM32F4xx_HAL_Driver/Src/stm32f4xx_hal_spi.o
 .debug_macro   0x0000000000020fc3      0x33d Src/gpio.o
 .debug_macro   0x0000000000021300      0x347 Src/i2c.o
 .debug_macro   0x0000000000021647      0x347 Src/i2s.o
 .debug_macro   0x000000000002198e      0x35f Src/main.o
 .debug_macro   0x0000000000021ced      0x347 Src/spi.o
 .debug_macro   0x0000000000022034      0x333 Src/stm32f4xx_hal_msp.o
 .debug_macro   0x0000000000022367      0x33d Src/stm32f4xx_it.o
 .debug_macro   0x00000000000226a4      0x339 Src/system_stm32f4xx.o

.debug_line     0x0000000000000000     0xde7e
 .debug_line    0x0000000000000000      0x487 Drivers/STM32F4xx_HAL_Driver/Src/lis302dl.o
 .debug_line    0x0000000000000487      0x46a Drivers/STM32F4xx_HAL_Driver/Src/lis3dsh.o
 .debug_line    0x00000000000008f1      0xa34 Drivers/STM32F4xx_HAL_Driver/Src/stm32f4_discovery.o
 .debug_line    0x0000000000001325      0x8c7 Drivers/STM32F4xx_HAL_Driver/Src/stm32f4_discovery_accelerometer.o
 .debug_line    0x0000000000001bec      0xc12 Drivers/STM32F4xx_HAL_Driver/Src/stm32f4_discovery_audio.o
 .debug_line    0x00000000000027fe      0x96f Drivers/STM32F4xx_HAL_Driver/Src/stm32f4xx_hal.o
 .debug_line    0x000000000000316d      0x9dc Drivers/STM32F4xx_HAL_Driver/Src/stm32f4xx_hal_cortex.o
 .debug_line    0x0000000000003b49      0x950 Drivers/STM32F4xx_HAL_Driver/Src/stm32f4xx_hal_gpio.o
 .debug_line    0x0000000000004499     0x1994 Drivers/STM32F4xx_HAL_Driver/Src/stm32f4xx_hal_i2c.o
 .debug_line    0x0000000000005e2d      0xd62 Drivers/STM32F4xx_HAL_Driver/Src/stm32f4xx_hal_i2s.o
 .debug_line    0x0000000000006b8f      0xd90 Drivers/STM32F4xx_HAL_Driver/Src/stm32f4xx_hal_i2s_ex.o
 .debug_line    0x000000000000791f      0xad5 Drivers/STM32F4xx_HAL_Driver/Src/stm32f4xx_hal_rcc.o
 .debug_line    0x00000000000083f4      0x8b4 Drivers/STM32F4xx_HAL_Driver/Src/stm32f4xx_hal_rcc_ex.o
 .debug_line    0x0000000000008ca8     0x11ac Drivers/STM32F4xx_HAL_Driver/Src/stm32f4xx_hal_spi.o
 .debug_line    0x0000000000009e54      0x7c6 Src/gpio.o
 .debug_line    0x000000000000a61a      0x7fe Src/i2c.o
 .debug_line    0x000000000000ae18      0x80b Src/i2s.o
 .debug_line    0x000000000000b623      0x839 Src/main.o
 .debug_line    0x000000000000be5c      0x801 Src/spi.o
 .debug_line    0x000000000000c65d      0x7c5 Src/stm32f4xx_hal_msp.o
 .debug_line    0x000000000000ce22      0x7ed Src/stm32f4xx_it.o
 .debug_line    0x000000000000d60f      0x7f0 Src/system_stm32f4xx.o
 .debug_line    0x000000000000ddff       0x7f startup/startup_stm32f407xx.o

.debug_str      0x0000000000000000    0xc3626
 .debug_str     0x0000000000000000     0x4093 Drivers/STM32F4xx_HAL_Driver/Src/lis302dl.o
                                       0x4258 (size before relaxing)
 .debug_str     0x0000000000004093     0x1398 Drivers/STM32F4xx_HAL_Driver/Src/lis3dsh.o
                                       0x4987 (size before relaxing)
 .debug_str     0x000000000000542b    0xba5eb Drivers/STM32F4xx_HAL_Driver/Src/stm32f4_discovery.o
                                      0xbdd42 (size before relaxing)
 .debug_str     0x00000000000bfa16      0x25c Drivers/STM32F4xx_HAL_Driver/Src/stm32f4_discovery_accelerometer.o
                                      0xbea08 (size before relaxing)
 .debug_str     0x00000000000bfc72     0x1732 Drivers/STM32F4xx_HAL_Driver/Src/stm32f4_discovery_audio.o
                                      0xbec66 (size before relaxing)
 .debug_str     0x00000000000c13a4      0x580 Drivers/STM32F4xx_HAL_Driver/Src/stm32f4xx_hal.o
                                      0xbca62 (size before relaxing)
 .debug_str     0x00000000000c1924      0x37d Drivers/STM32F4xx_HAL_Driver/Src/stm32f4xx_hal_cortex.o
                                      0xbc828 (size before relaxing)
 .debug_str     0x00000000000c1ca1      0x1b8 Drivers/STM32F4xx_HAL_Driver/Src/stm32f4xx_hal_gpio.o
                                      0xbc1b6 (size before relaxing)
 .debug_str     0x00000000000c1e59      0xa54 Drivers/STM32F4xx_HAL_Driver/Src/stm32f4xx_hal_i2c.o
                                      0xbcdbc (size before relaxing)
 .debug_str     0x00000000000c28ad      0x191 Drivers/STM32F4xx_HAL_Driver/Src/stm32f4xx_hal_i2s.o
                                      0xbc529 (size before relaxing)
 .debug_str     0x00000000000c2a3e      0x19c Drivers/STM32F4xx_HAL_Driver/Src/stm32f4xx_hal_i2s_ex.o
                                      0xbc428 (size before relaxing)
 .debug_str     0x00000000000c2bda      0x356 Drivers/STM32F4xx_HAL_Driver/Src/stm32f4xx_hal_rcc.o
                                      0xbc387 (size before relaxing)
 .debug_str     0x00000000000c2f30       0x87 Drivers/STM32F4xx_HAL_Driver/Src/stm32f4xx_hal_rcc_ex.o
                                      0xbc092 (size before relaxing)
 .debug_str     0x00000000000c2fb7      0x4a0 Drivers/STM32F4xx_HAL_Driver/Src/stm32f4xx_hal_spi.o
                                      0xbc79c (size before relaxing)
 .debug_str     0x00000000000c3457       0x25 Src/gpio.o
                                      0xbbf9c (size before relaxing)
 .debug_str     0x00000000000c347c       0x42 Src/i2c.o
                                      0xbc4c0 (size before relaxing)
 .debug_str     0x00000000000c34be       0x33 Src/i2s.o
                                      0xbc40d (size before relaxing)
 .debug_str     0x00000000000c34f1       0x56 Src/main.o
                                      0xbced7 (size before relaxing)
 .debug_str     0x00000000000c3547       0x17 Src/spi.o
                                      0xbc409 (size before relaxing)
 .debug_str     0x00000000000c355e       0x1b Src/stm32f4xx_hal_msp.o
                                      0xbc303 (size before relaxing)
 .debug_str     0x00000000000c3579       0x53 Src/stm32f4xx_it.o
                                      0xbbe2d (size before relaxing)
 .debug_str     0x00000000000c35cc       0x5a Src/system_stm32f4xx.o
                                      0xbbf72 (size before relaxing)

.comment        0x0000000000000000       0x7f
 .comment       0x0000000000000000       0x7f Drivers/STM32F4xx_HAL_Driver/Src/lis302dl.o
                                         0x80 (size before relaxing)
 .comment       0x000000000000007f       0x80 Drivers/STM32F4xx_HAL_Driver/Src/lis3dsh.o
 .comment       0x000000000000007f       0x80 Drivers/STM32F4xx_HAL_Driver/Src/stm32f4_discovery.o
 .comment       0x000000000000007f       0x80 Drivers/STM32F4xx_HAL_Driver/Src/stm32f4_discovery_accelerometer.o
 .comment       0x000000000000007f       0x80 Drivers/STM32F4xx_HAL_Driver/Src/stm32f4_discovery_audio.o
 .comment       0x000000000000007f       0x80 Drivers/STM32F4xx_HAL_Driver/Src/stm32f4xx_hal.o
 .comment       0x000000000000007f       0x80 Drivers/STM32F4xx_HAL_Driver/Src/stm32f4xx_hal_cortex.o
 .comment       0x000000000000007f       0x80 Drivers/STM32F4xx_HAL_Driver/Src/stm32f4xx_hal_gpio.o
 .comment       0x000000000000007f       0x80 Drivers/STM32F4xx_HAL_Driver/Src/stm32f4xx_hal_i2c.o
 .comment       0x000000000000007f       0x80 Drivers/STM32F4xx_HAL_Driver/Src/stm32f4xx_hal_i2s.o
 .comment       0x000000000000007f       0x80 Drivers/STM32F4xx_HAL_Driver/Src/stm32f4xx_hal_i2s_ex.o
 .comment       0x000000000000007f       0x80 Drivers/STM32F4xx_HAL_Driver/Src/stm32f4xx_hal_rcc.o
 .comment       0x000000000000007f       0x80 Drivers/STM32F4xx_HAL_Driver/Src/stm32f4xx_hal_rcc_ex.o
 .comment       0x000000000000007f       0x80 Drivers/STM32F4xx_HAL_Driver/Src/stm32f4xx_hal_spi.o
 .comment       0x000000000000007f       0x80 Src/gpio.o
 .comment       0x000000000000007f       0x80 Src/i2c.o
 .comment       0x000000000000007f       0x80 Src/i2s.o
 .comment       0x000000000000007f       0x80 Src/main.o
 .comment       0x000000000000007f       0x80 Src/spi.o
 .comment       0x000000000000007f       0x80 Src/stm32f4xx_hal_msp.o
 .comment       0x000000000000007f       0x80 Src/stm32f4xx_it.o
 .comment       0x000000000000007f       0x80 Src/system_stm32f4xx.o

.debug_frame    0x0000000000000000     0x2380
 .debug_frame   0x0000000000000000      0x17c Drivers/STM32F4xx_HAL_Driver/Src/lis302dl.o
 .debug_frame   0x000000000000017c      0x13c Drivers/STM32F4xx_HAL_Driver/Src/lis3dsh.o
 .debug_frame   0x00000000000002b8      0x2a4 Drivers/STM32F4xx_HAL_Driver/Src/stm32f4_discovery.o
 .debug_frame   0x000000000000055c       0xa4 Drivers/STM32F4xx_HAL_Driver/Src/stm32f4_discovery_accelerometer.o
 .debug_frame   0x0000000000000600      0x3a4 Drivers/STM32F4xx_HAL_Driver/Src/stm32f4_discovery_audio.o
 .debug_frame   0x00000000000009a4      0x198 Drivers/STM32F4xx_HAL_Driver/Src/stm32f4xx_hal.o
 .debug_frame   0x0000000000000b3c      0x15c Drivers/STM32F4xx_HAL_Driver/Src/stm32f4xx_hal_cortex.o
 .debug_frame   0x0000000000000c98       0xd0 Drivers/STM32F4xx_HAL_Driver/Src/stm32f4xx_hal_gpio.o
 .debug_frame   0x0000000000000d68      0x848 Drivers/STM32F4xx_HAL_Driver/Src/stm32f4xx_hal_i2c.o
 .debug_frame   0x00000000000015b0      0x304 Drivers/STM32F4xx_HAL_Driver/Src/stm32f4xx_hal_i2s.o
 .debug_frame   0x00000000000018b4      0x15c Drivers/STM32F4xx_HAL_Driver/Src/stm32f4xx_hal_i2s_ex.o
 .debug_frame   0x0000000000001a10      0x13c Drivers/STM32F4xx_HAL_Driver/Src/stm32f4xx_hal_rcc.o
 .debug_frame   0x0000000000001b4c       0x64 Drivers/STM32F4xx_HAL_Driver/Src/stm32f4xx_hal_rcc_ex.o
 .debug_frame   0x0000000000001bb0      0x560 Drivers/STM32F4xx_HAL_Driver/Src/stm32f4xx_hal_spi.o
 .debug_frame   0x0000000000002110       0x30 Src/gpio.o
 .debug_frame   0x0000000000002140       0x5c Src/i2c.o
 .debug_frame   0x000000000000219c       0x64 Src/i2s.o
 .debug_frame   0x0000000000002200       0x58 Src/main.o
 .debug_frame   0x0000000000002258       0x5c Src/spi.o
 .debug_frame   0x00000000000022b4       0x28 Src/stm32f4xx_hal_msp.o
 .debug_frame   0x00000000000022dc       0x48 Src/stm32f4xx_it.o
 .debug_frame   0x0000000000002324       0x30 Src/system_stm32f4xx.o
 .debug_frame   0x0000000000002354       0x2c /home/iot/Ac6/SystemWorkbench/plugins/fr.ac6.mcu.externaltools.arm-none.linux64_1.15.0.201708311556/tools/compiler/bin/../lib/gcc/arm-none-eabi/6.3.1/../../../../arm-none-eabi/lib/thumb/v7e-m/fpv4-sp/hard/libc_nano.a(lib_a-init.o)
