Archive member included to satisfy reference by file (symbol)

/home/iot/Ac6/SystemWorkbench/plugins/fr.ac6.mcu.externaltools.arm-none.linux64_1.15.0.201708311556/tools/compiler/bin/../lib/gcc/arm-none-eabi/6.3.1/../../../../arm-none-eabi/lib/thumb/v7e-m/fpv4-sp/hard/libc_nano.a(lib_a-exit.o)
                              /home/iot/Ac6/SystemWorkbench/plugins/fr.ac6.mcu.externaltools.arm-none.linux64_1.15.0.201708311556/tools/compiler/bin/../lib/gcc/arm-none-eabi/6.3.1/../../../../arm-none-eabi/lib/thumb/v7e-m/fpv4-sp/hard/crt0.o (exit)
/home/iot/Ac6/SystemWorkbench/plugins/fr.ac6.mcu.externaltools.arm-none.linux64_1.15.0.201708311556/tools/compiler/bin/../lib/gcc/arm-none-eabi/6.3.1/../../../../arm-none-eabi/lib/thumb/v7e-m/fpv4-sp/hard/libc_nano.a(lib_a-impure.o)
                              /home/iot/Ac6/SystemWorkbench/plugins/fr.ac6.mcu.externaltools.arm-none.linux64_1.15.0.201708311556/tools/compiler/bin/../lib/gcc/arm-none-eabi/6.3.1/../../../../arm-none-eabi/lib/thumb/v7e-m/fpv4-sp/hard/libc_nano.a(lib_a-exit.o) (_global_impure_ptr)
/home/iot/Ac6/SystemWorkbench/plugins/fr.ac6.mcu.externaltools.arm-none.linux64_1.15.0.201708311556/tools/compiler/bin/../lib/gcc/arm-none-eabi/6.3.1/../../../../arm-none-eabi/lib/thumb/v7e-m/fpv4-sp/hard/libc_nano.a(lib_a-init.o)
                              /home/iot/Ac6/SystemWorkbench/plugins/fr.ac6.mcu.externaltools.arm-none.linux64_1.15.0.201708311556/tools/compiler/bin/../lib/gcc/arm-none-eabi/6.3.1/../../../../arm-none-eabi/lib/thumb/v7e-m/fpv4-sp/hard/crt0.o (__libc_init_array)
/home/iot/Ac6/SystemWorkbench/plugins/fr.ac6.mcu.externaltools.arm-none.linux64_1.15.0.201708311556/tools/compiler/bin/../lib/gcc/arm-none-eabi/6.3.1/../../../../arm-none-eabi/lib/thumb/v7e-m/fpv4-sp/hard/libc_nano.a(lib_a-memset.o)
                              /home/iot/Ac6/SystemWorkbench/plugins/fr.ac6.mcu.externaltools.arm-none.linux64_1.15.0.201708311556/tools/compiler/bin/../lib/gcc/arm-none-eabi/6.3.1/../../../../arm-none-eabi/lib/thumb/v7e-m/fpv4-sp/hard/crt0.o (memset)
/home/iot/Ac6/SystemWorkbench/plugins/fr.ac6.mcu.externaltools.arm-none.linux64_1.15.0.201708311556/tools/compiler/bin/../lib/gcc/arm-none-eabi/6.3.1/../../../../arm-none-eabi/lib/thumb/v7e-m/fpv4-sp/hard/libnosys.a(_exit.o)
                              /home/iot/Ac6/SystemWorkbench/plugins/fr.ac6.mcu.externaltools.arm-none.linux64_1.15.0.201708311556/tools/compiler/bin/../lib/gcc/arm-none-eabi/6.3.1/../../../../arm-none-eabi/lib/thumb/v7e-m/fpv4-sp/hard/libc_nano.a(lib_a-exit.o) (_exit)

Allocating common symbols
Common symbol       size              file

uwTick              0x4               Drivers/STM32F4xx_HAL_Driver/Src/stm32f4xx_hal.o
pFlash              0x20              Drivers/STM32F4xx_HAL_Driver/Src/stm32f4xx_hal_flash.o
hadc1               0x48              Src/adc.o

Discarded input sections

 .text          0x0000000000000000        0x0 /home/iot/Ac6/SystemWorkbench/plugins/fr.ac6.mcu.externaltools.arm-none.linux64_1.15.0.201708311556/tools/compiler/bin/../lib/gcc/arm-none-eabi/6.3.1/thumb/v7e-m/fpv4-sp/hard/crti.o
 .data          0x0000000000000000        0x0 /home/iot/Ac6/SystemWorkbench/plugins/fr.ac6.mcu.externaltools.arm-none.linux64_1.15.0.201708311556/tools/compiler/bin/../lib/gcc/arm-none-eabi/6.3.1/thumb/v7e-m/fpv4-sp/hard/crti.o
 .bss           0x0000000000000000        0x0 /home/iot/Ac6/SystemWorkbench/plugins/fr.ac6.mcu.externaltools.arm-none.linux64_1.15.0.201708311556/tools/compiler/bin/../lib/gcc/arm-none-eabi/6.3.1/thumb/v7e-m/fpv4-sp/hard/crti.o
 .data          0x0000000000000000        0x4 /home/iot/Ac6/SystemWorkbench/plugins/fr.ac6.mcu.externaltools.arm-none.linux64_1.15.0.201708311556/tools/compiler/bin/../lib/gcc/arm-none-eabi/6.3.1/thumb/v7e-m/fpv4-sp/hard/crtbegin.o
 .text          0x0000000000000000       0x74 /home/iot/Ac6/SystemWorkbench/plugins/fr.ac6.mcu.externaltools.arm-none.linux64_1.15.0.201708311556/tools/compiler/bin/../lib/gcc/arm-none-eabi/6.3.1/../../../../arm-none-eabi/lib/thumb/v7e-m/fpv4-sp/hard/crt0.o
 .data          0x0000000000000000        0x0 /home/iot/Ac6/SystemWorkbench/plugins/fr.ac6.mcu.externaltools.arm-none.linux64_1.15.0.201708311556/tools/compiler/bin/../lib/gcc/arm-none-eabi/6.3.1/../../../../arm-none-eabi/lib/thumb/v7e-m/fpv4-sp/hard/crt0.o
 .bss           0x0000000000000000        0x0 /home/iot/Ac6/SystemWorkbench/plugins/fr.ac6.mcu.externaltools.arm-none.linux64_1.15.0.201708311556/tools/compiler/bin/../lib/gcc/arm-none-eabi/6.3.1/../../../../arm-none-eabi/lib/thumb/v7e-m/fpv4-sp/hard/crt0.o
 .ARM.extab     0x0000000000000000        0x0 /home/iot/Ac6/SystemWorkbench/plugins/fr.ac6.mcu.externaltools.arm-none.linux64_1.15.0.201708311556/tools/compiler/bin/../lib/gcc/arm-none-eabi/6.3.1/../../../../arm-none-eabi/lib/thumb/v7e-m/fpv4-sp/hard/crt0.o
[...]
Memory Configuration

Name             Origin             Length             Attributes
RAM              0x0000000020000000 0x0000000000020000 xrw
CCMRAM           0x0000000010000000 0x0000000000010000 rw
FLASH            0x0000000008000000 0x0000000000100000 xr
*default*        0x0000000000000000 0xffffffffffffffff

Linker script and memory map

LOAD /home/iot/Ac6/SystemWorkbench/plugins/fr.ac6.mcu.externaltools.arm-none.linux64_1.15.0.201708311556/tools/compiler/bin/../lib/gcc/arm-none-eabi/6.3.1/thumb/v7e-m/fpv4-sp/hard/crti.o
LOAD /home/iot/Ac6/SystemWorkbench/plugins/fr.ac6.mcu.externaltools.arm-none.linux64_1.15.0.201708311556/tools/compiler/bin/../lib/gcc/arm-none-eabi/6.3.1/thumb/v7e-m/fpv4-sp/hard/crtbegin.o
LOAD /home/iot/Ac6/SystemWorkbench/plugins/fr.ac6.mcu.externaltools.arm-none.linux64_1.15.0.201708311556/tools/compiler/bin/../lib/gcc/arm-none-eabi/6.3.1/../../../../arm-none-eabi/lib/thumb/v7e-m/fpv4-sp/hard/crt0.o
LOAD Drivers/STM32F4xx_HAL_Driver/Src/stm32f4xx_hal.o
LOAD Drivers/STM32F4xx_HAL_Driver/Src/stm32f4xx_hal_adc.o
LOAD Drivers/STM32F4xx_HAL_Driver/Src/stm32f4xx_hal_adc_ex.o
LOAD Drivers/STM32F4xx_HAL_Driver/Src/stm32f4xx_hal_cortex.o
LOAD Drivers/STM32F4xx_HAL_Driver/Src/stm32f4xx_hal_dma.o
LOAD Drivers/STM32F4xx_HAL_Driver/Src/stm32f4xx_hal_dma_ex.o
LOAD Drivers/STM32F4xx_HAL_Driver/Src/stm32f4xx_hal_flash.o
LOAD Drivers/STM32F4xx_HAL_Driver/Src/stm32f4xx_hal_flash_ex.o
LOAD Drivers/STM32F4xx_HAL_Driver/Src/stm32f4xx_hal_flash_ramfunc.o
LOAD Drivers/STM32F4xx_HAL_Driver/Src/stm32f4xx_hal_gpio.o
LOAD Drivers/STM32F4xx_HAL_Driver/Src/stm32f4xx_hal_pwr.o
LOAD Drivers/STM32F4xx_HAL_Driver/Src/stm32f4xx_hal_pwr_ex.o
LOAD Drivers/STM32F4xx_HAL_Driver/Src/stm32f4xx_hal_rcc.o
LOAD Drivers/STM32F4xx_HAL_Driver/Src/stm32f4xx_hal_rcc_ex.o
LOAD Drivers/STM32F4xx_HAL_Driver/Src/stm32f4xx_hal_tim.o
LOAD Drivers/STM32F4xx_HAL_Driver/Src/stm32f4xx_hal_tim_ex.o
LOAD Src/adc.o
LOAD Src/gpio.o
LOAD Src/main.o
LOAD Src/stm32f4xx_hal_msp.o
LOAD Src/stm32f4xx_it.o
LOAD Src/system_stm32f4xx.o
LOAD startup/startup_stm32f407xx.o
LOAD /home/iot/Ac6/SystemWorkbench/plugins/fr.ac6.mcu.externaltools.arm-none.linux64_1.15.0.201708311556/tools/compiler/bin/../lib/gcc/arm-none-eabi/6.3.1/../../../../arm-none-eabi/lib/thumb/v7e-m/fpv4-sp/hard/libm.a
START GROUP
LOAD /home/iot/Ac6/SystemWorkbench/plugins/fr.ac6.mcu.externaltools.arm-none.linux64_1.15.0.201708311556/tools/compiler/bin/../lib/gcc/arm-none-eabi/6.3.1/thumb/v7e-m/fpv4-sp/hard/libgcc.a
LOAD /home/iot/Ac6/SystemWorkbench/plugins/fr.ac6.mcu.externaltools.arm-none.linux64_1.15.0.201708311556/tools/compiler/bin/../lib/gcc/arm-none-eabi/6.3.1/../../../../arm-none-eabi/lib/thumb/v7e-m/fpv4-sp/hard/libc_nano.a
END GROUP
START GROUP
LOAD /home/iot/Ac6/SystemWorkbench/plugins/fr.ac6.mcu.externaltools.arm-none.linux64_1.15.0.201708311556/tools/compiler/bin/../lib/gcc/arm-none-eabi/6.3.1/thumb/v7e-m/fpv4-sp/hard/libgcc.a
LOAD /home/iot/Ac6/SystemWorkbench/plugins/fr.ac6.mcu.externaltools.arm-none.linux64_1.15.0.201708311556/tools/compiler/bin/../lib/gcc/arm-none-eabi/6.3.1/../../../../arm-none-eabi/lib/thumb/v7e-m/fpv4-sp/hard/libc_nano.a
LOAD /home/iot/Ac6/SystemWorkbench/plugins/fr.ac6.mcu.externaltools.arm-none.linux64_1.15.0.201708311556/tools/compiler/bin/../lib/gcc/arm-none-eabi/6.3.1/../../../../arm-none-eabi/lib/thumb/v7e-m/fpv4-sp/hard/libnosys.a
END GROUP
START GROUP
LOAD /home/iot/Ac6/SystemWorkbench/plugins/fr.ac6.mcu.externaltools.arm-none.linux64_1.15.0.201708311556/tools/compiler/bin/../lib/gcc/arm-none-eabi/6.3.1/thumb/v7e-m/fpv4-sp/hard/libgcc.a
LOAD /home/iot/Ac6/SystemWorkbench/plugins/fr.ac6.mcu.externaltools.arm-none.linux64_1.15.0.201708311556/tools/compiler/bin/../lib/gcc/arm-none-eabi/6.3.1/../../../../arm-none-eabi/lib/thumb/v7e-m/fpv4-sp/hard/libc_nano.a
LOAD /home/iot/Ac6/SystemWorkbench/plugins/fr.ac6.mcu.externaltools.arm-none.linux64_1.15.0.201708311556/tools/compiler/bin/../lib/gcc/arm-none-eabi/6.3.1/../../../../arm-none-eabi/lib/thumb/v7e-m/fpv4-sp/hard/libnosys.a
END GROUP
LOAD /home/iot/Ac6/SystemWorkbench/plugins/fr.ac6.mcu.externaltools.arm-none.linux64_1.15.0.201708311556/tools/compiler/bin/../lib/gcc/arm-none-eabi/6.3.1/thumb/v7e-m/fpv4-sp/hard/crtend.o
LOAD /home/iot/Ac6/SystemWorkbench/plugins/fr.ac6.mcu.externaltools.arm-none.linux64_1.15.0.201708311556/tools/compiler/bin/../lib/gcc/arm-none-eabi/6.3.1/thumb/v7e-m/fpv4-sp/hard/crtn.o
                0x0000000020020000                _estack = 0x20020000
                0x0000000000000200                _Min_Heap_Size = 0x200
                0x0000000000000400                _Min_Stack_Size = 0x400

.isr_vector     0x0000000008000000      0x188
                0x0000000008000000                . = ALIGN (0x4)
 *(.isr_vector)
 .isr_vector    0x0000000008000000      0x188 startup/startup_stm32f407xx.o
                0x0000000008000000                g_pfnVectors
                0x0000000008000188                . = ALIGN (0x4)

.text           0x0000000008000188     0x1228
                0x0000000008000188                . = ALIGN (0x4)
 *(.text)
 .text          0x0000000008000188       0x6c /home/iot/Ac6/SystemWorkbench/plugins/fr.ac6.mcu.externaltools.arm-none.linux64_1.15.0.201708311556/tools/compiler/bin/../lib/gcc/arm-none-eabi/6.3.1/thumb/v7e-m/fpv4-sp/hard/crtbegin.o
 *(.text*)
 .text.HAL_InitTick
                0x00000000080001f4       0x2c Drivers/STM32F4xx_HAL_Driver/Src/stm32f4xx_hal.o
                0x00000000080001f4                HAL_InitTick
 .text.HAL_Init
                0x0000000008000220       0x34 Drivers/STM32F4xx_HAL_Driver/Src/stm32f4xx_hal.o
                0x0000000008000220                HAL_Init
 .text.HAL_IncTick
                0x0000000008000254       0x10 Drivers/STM32F4xx_HAL_Driver/Src/stm32f4xx_hal.o
                0x0000000008000254                HAL_IncTick
 .text.HAL_GetTick
                0x0000000008000264        0xc Drivers/STM32F4xx_HAL_Driver/Src/stm32f4xx_hal.o
                0x0000000008000264                HAL_GetTick
 .text.ADC_Init
                0x0000000008000270      0x13c Drivers/STM32F4xx_HAL_Driver/Src/stm32f4xx_hal_adc.o
 .text.HAL_ADC_Init
                0x00000000080003ac       0x54 Drivers/STM32F4xx_HAL_Driver/Src/stm32f4xx_hal_adc.o
                0x00000000080003ac                HAL_ADC_Init
 .text.HAL_ADC_Start
                0x0000000008000400       0xf8 Drivers/STM32F4xx_HAL_Driver/Src/stm32f4xx_hal_adc.o
                0x0000000008000400                HAL_ADC_Start
 .text.HAL_ADC_Stop
                0x00000000080004f8       0x40 Drivers/STM32F4xx_HAL_Driver/Src/stm32f4xx_hal_adc.o
                0x00000000080004f8                HAL_ADC_Stop
 .text.HAL_ADC_PollForConversion
                0x0000000008000538       0xb6 Drivers/STM32F4xx_HAL_Driver/Src/stm32f4xx_hal_adc.o
                0x0000000008000538                HAL_ADC_PollForConversion
 .text.HAL_ADC_GetValue
                0x00000000080005ee        0x6 Drivers/STM32F4xx_HAL_Driver/Src/stm32f4xx_hal_adc.o
                0x00000000080005ee                HAL_ADC_GetValue
 .text.HAL_ADC_ConfigChannel
                0x00000000080005f4      0x190 Drivers/STM32F4xx_HAL_Driver/Src/stm32f4xx_hal_adc.o
                0x00000000080005f4                HAL_ADC_ConfigChannel
 .text.HAL_NVIC_SetPriorityGrouping
                0x0000000008000784       0x24 Drivers/STM32F4xx_HAL_Driver/Src/stm32f4xx_hal_cortex.o
                0x0000000008000784                HAL_NVIC_SetPriorityGrouping
 .text.HAL_NVIC_SetPriority
                0x00000000080007a8       0x64 Drivers/STM32F4xx_HAL_Driver/Src/stm32f4xx_hal_cortex.o
                0x00000000080007a8                HAL_NVIC_SetPriority
 .text.HAL_SYSTICK_Config
                0x000000000800080c       0x2c Drivers/STM32F4xx_HAL_Driver/Src/stm32f4xx_hal_cortex.o
                0x000000000800080c                HAL_SYSTICK_Config
 .text.HAL_SYSTICK_CLKSourceConfig
                0x0000000008000838       0x20 Drivers/STM32F4xx_HAL_Driver/Src/stm32f4xx_hal_cortex.o
                0x0000000008000838                HAL_SYSTICK_CLKSourceConfig
 .text.HAL_SYSTICK_Callback
                0x0000000008000858        0x2 Drivers/STM32F4xx_HAL_Driver/Src/stm32f4xx_hal_cortex.o
                0x0000000008000858                HAL_SYSTICK_Callback
 .text.HAL_SYSTICK_IRQHandler
                0x000000000800085a        0x8 Drivers/STM32F4xx_HAL_Driver/Src/stm32f4xx_hal_cortex.o
                0x000000000800085a                HAL_SYSTICK_IRQHandler
 *fill*         0x0000000008000862        0x2 
 .text.HAL_GPIO_Init
                0x0000000008000864      0x1cc Drivers/STM32F4xx_HAL_Driver/Src/stm32f4xx_hal_gpio.o
                0x0000000008000864                HAL_GPIO_Init
 .text.HAL_GPIO_WritePin
                0x0000000008000a30        0xc Drivers/STM32F4xx_HAL_Driver/Src/stm32f4xx_hal_gpio.o
                0x0000000008000a30                HAL_GPIO_WritePin
 .text.HAL_RCC_OscConfig
                0x0000000008000a3c      0x3b0 Drivers/STM32F4xx_HAL_Driver/Src/stm32f4xx_hal_rcc.o
                0x0000000008000a3c                HAL_RCC_OscConfig
 .text.HAL_RCC_GetSysClockFreq
                0x0000000008000dec       0x94 Drivers/STM32F4xx_HAL_Driver/Src/stm32f4xx_hal_rcc.o
                0x0000000008000dec                HAL_RCC_GetSysClockFreq
 .text.HAL_RCC_ClockConfig
                0x0000000008000e80      0x19c Drivers/STM32F4xx_HAL_Driver/Src/stm32f4xx_hal_rcc.o
                0x0000000008000e80                HAL_RCC_ClockConfig
 .text.HAL_RCC_GetHCLKFreq
                0x000000000800101c        0xc Drivers/STM32F4xx_HAL_Driver/Src/stm32f4xx_hal_rcc.o
                0x000000000800101c                HAL_RCC_GetHCLKFreq
 .text.MX_ADC1_Init
                0x0000000008001028       0x70 Src/adc.o
                0x0000000008001028                MX_ADC1_Init
 .text.HAL_ADC_MspInit
                0x0000000008001098       0x30 Src/adc.o
                0x0000000008001098                HAL_ADC_MspInit
 .text.MX_GPIO_Init
                0x00000000080010c8       0x60 Src/gpio.o
                0x00000000080010c8                MX_GPIO_Init
 .text._Error_Handler
                0x0000000008001128        0x2 Src/main.o
                0x0000000008001128                _Error_Handler
 *fill*         0x000000000800112a        0x2 
 .text.SystemClock_Config
                0x000000000800112c       0xc8 Src/main.o
                0x000000000800112c                SystemClock_Config
 .text.main     0x00000000080011f4       0x4c Src/main.o
                0x00000000080011f4                main
 .text.HAL_MspInit
                0x0000000008001240       0x5e Src/stm32f4xx_hal_msp.o
                0x0000000008001240                HAL_MspInit
 .text.SVC_Handler
                0x000000000800129e        0x2 Src/stm32f4xx_it.o
                0x000000000800129e                SVC_Handler
 .text.PendSV_Handler
                0x00000000080012a0        0x2 Src/stm32f4xx_it.o
                0x00000000080012a0                PendSV_Handler
 .text.SysTick_Handler
                0x00000000080012a2        0xc Src/stm32f4xx_it.o
                0x00000000080012a2                SysTick_Handler
 *fill*         0x00000000080012ae        0x2 
 .text.SystemInit
                0x00000000080012b0       0x4c Src/system_stm32f4xx.o
                0x00000000080012b0                SystemInit
 .text.Reset_Handler
                0x00000000080012fc       0x50 startup/startup_stm32f407xx.o
                0x00000000080012fc                Reset_Handler
 .text.Default_Handler
                0x000000000800134c        0x2 startup/startup_stm32f407xx.o
                0x000000000800134c                RTC_Alarm_IRQHandler
                0x000000000800134c                HASH_RNG_IRQHandler
                0x000000000800134c                EXTI2_IRQHandler
                0x000000000800134c                TIM8_CC_IRQHandler
                0x000000000800134c                DebugMon_Handler
                0x000000000800134c                TIM1_CC_IRQHandler
                0x000000000800134c                DMA2_Stream5_IRQHandler
                0x000000000800134c                HardFault_Handler
                0x000000000800134c                DMA1_Stream5_IRQHandler
                0x000000000800134c                PVD_IRQHandler
                0x000000000800134c                SDIO_IRQHandler
                0x000000000800134c                TAMP_STAMP_IRQHandler
                0x000000000800134c                NMI_Handler
                0x000000000800134c                CAN2_RX1_IRQHandler
                0x000000000800134c                EXTI3_IRQHandler
                0x000000000800134c                TIM8_TRG_COM_TIM14_IRQHandler
                0x000000000800134c                TIM1_UP_TIM10_IRQHandler
                0x000000000800134c                TIM8_UP_TIM13_IRQHandler
                0x000000000800134c                I2C3_ER_IRQHandler
                0x000000000800134c                EXTI0_IRQHandler
                0x000000000800134c                I2C2_EV_IRQHandler
                0x000000000800134c                DMA1_Stream2_IRQHandler
                0x000000000800134c                CAN1_RX0_IRQHandler
                0x000000000800134c                FPU_IRQHandler
                0x000000000800134c                OTG_HS_WKUP_IRQHandler
                0x000000000800134c                UsageFault_Handler
                0x000000000800134c                CAN2_SCE_IRQHandler
                0x000000000800134c                DMA2_Stream2_IRQHandler
                0x000000000800134c                SPI1_IRQHandler
                0x000000000800134c                TIM6_DAC_IRQHandler
                0x000000000800134c                TIM1_BRK_TIM9_IRQHandler
                0x000000000800134c                DCMI_IRQHandler
                0x000000000800134c                CAN2_RX0_IRQHandler
                0x000000000800134c                DMA2_Stream3_IRQHandler
                0x000000000800134c                USART6_IRQHandler
                0x000000000800134c                USART3_IRQHandler
                0x000000000800134c                CAN1_RX1_IRQHandler
                0x000000000800134c                UART5_IRQHandler
                0x000000000800134c                DMA2_Stream0_IRQHandler
                0x000000000800134c                TIM4_IRQHandler
                0x000000000800134c                I2C1_EV_IRQHandler
                0x000000000800134c                DMA1_Stream6_IRQHandler
                0x000000000800134c                DMA1_Stream1_IRQHandler
                0x000000000800134c                UART4_IRQHandler
                0x000000000800134c                TIM3_IRQHandler
                0x000000000800134c                RCC_IRQHandler
                0x000000000800134c                TIM8_BRK_TIM12_IRQHandler
                0x000000000800134c                Default_Handler
                0x000000000800134c                EXTI15_10_IRQHandler
                0x000000000800134c                ADC_IRQHandler
                0x000000000800134c                DMA1_Stream7_IRQHandler
                0x000000000800134c                TIM7_IRQHandler
                0x000000000800134c                CAN2_TX_IRQHandler
                0x000000000800134c                TIM5_IRQHandler
                0x000000000800134c                DMA2_Stream7_IRQHandler
                0x000000000800134c                I2C3_EV_IRQHandler
                0x000000000800134c                EXTI9_5_IRQHandler
                0x000000000800134c                RTC_WKUP_IRQHandler
                0x000000000800134c                ETH_WKUP_IRQHandler
                0x000000000800134c                SPI2_IRQHandler
                0x000000000800134c                OTG_HS_EP1_IN_IRQHandler
                0x000000000800134c                MemManage_Handler
                0x000000000800134c                DMA1_Stream0_IRQHandler
                0x000000000800134c                CAN1_TX_IRQHandler
                0x000000000800134c                EXTI4_IRQHandler
                0x000000000800134c                FSMC_IRQHandler
                0x000000000800134c                ETH_IRQHandler
                0x000000000800134c                OTG_HS_EP1_OUT_IRQHandler
                0x000000000800134c                WWDG_IRQHandler
                0x000000000800134c                TIM2_IRQHandler
                0x000000000800134c                OTG_FS_WKUP_IRQHandler
                0x000000000800134c                TIM1_TRG_COM_TIM11_IRQHandler
                0x000000000800134c                OTG_HS_IRQHandler
                0x000000000800134c                EXTI1_IRQHandler
                0x000000000800134c                USART2_IRQHandler
                0x000000000800134c                I2C2_ER_IRQHandler
                0x000000000800134c                DMA2_Stream1_IRQHandler
                0x000000000800134c                CAN1_SCE_IRQHandler
                0x000000000800134c                FLASH_IRQHandler
                0x000000000800134c                DMA2_Stream4_IRQHandler
                0x000000000800134c                BusFault_Handler
                0x000000000800134c                USART1_IRQHandler
                0x000000000800134c                OTG_FS_IRQHandler
                0x000000000800134c                SPI3_IRQHandler
                0x000000000800134c                DMA1_Stream4_IRQHandler
                0x000000000800134c                I2C1_ER_IRQHandler
                0x000000000800134c                DMA2_Stream6_IRQHandler
                0x000000000800134c                DMA1_Stream3_IRQHandler
 *fill*         0x000000000800134e        0x2 
 .text.__libc_init_array
                0x0000000008001350       0x48 /home/iot/Ac6/SystemWorkbench/plugins/fr.ac6.mcu.externaltools.arm-none.linux64_1.15.0.201708311556/tools/compiler/bin/../lib/gcc/arm-none-eabi/6.3.1/../../../../arm-none-eabi/lib/thumb/v7e-m/fpv4-sp/hard/libc_nano.a(lib_a-init.o)
                0x0000000008001350                __libc_init_array
 *(.glue_7)
 .glue_7        0x0000000008001398        0x0 linker stubs
 *(.glue_7t)
 .glue_7t       0x0000000008001398        0x0 linker stubs
 *(.eh_frame)
 .eh_frame      0x0000000008001398        0x0 /home/iot/Ac6/SystemWorkbench/plugins/fr.ac6.mcu.externaltools.arm-none.linux64_1.15.0.201708311556/tools/compiler/bin/../lib/gcc/arm-none-eabi/6.3.1/thumb/v7e-m/fpv4-sp/hard/crtbegin.o
 *(.init)
 .init          0x0000000008001398        0x4 /home/iot/Ac6/SystemWorkbench/plugins/fr.ac6.mcu.externaltools.arm-none.linux64_1.15.0.201708311556/tools/compiler/bin/../lib/gcc/arm-none-eabi/6.3.1/thumb/v7e-m/fpv4-sp/hard/crti.o
                0x0000000008001398                _init
 .init          0x000000000800139c        0x8 /home/iot/Ac6/SystemWorkbench/plugins/fr.ac6.mcu.externaltools.arm-none.linux64_1.15.0.201708311556/tools/compiler/bin/../lib/gcc/arm-none-eabi/6.3.1/thumb/v7e-m/fpv4-sp/hard/crtn.o
 *(.fini)
 .fini          0x00000000080013a4        0x4 /home/iot/Ac6/SystemWorkbench/plugins/fr.ac6.mcu.externaltools.arm-none.linux64_1.15.0.201708311556/tools/compiler/bin/../lib/gcc/arm-none-eabi/6.3.1/thumb/v7e-m/fpv4-sp/hard/crti.o
                0x00000000080013a4                _fini
 .fini          0x00000000080013a8        0x8 /home/iot/Ac6/SystemWorkbench/plugins/fr.ac6.mcu.externaltools.arm-none.linux64_1.15.0.201708311556/tools/compiler/bin/../lib/gcc/arm-none-eabi/6.3.1/thumb/v7e-m/fpv4-sp/hard/crtn.o
                0x00000000080013b0                . = ALIGN (0x4)
                0x00000000080013b0                _etext = .

.vfp11_veneer   0x00000000080013b0        0x0
 .vfp11_veneer  0x00000000080013b0        0x0 linker stubs

.v4_bx          0x00000000080013b0        0x0
 .v4_bx         0x00000000080013b0        0x0 linker stubs

.iplt           0x00000000080013b0        0x0
 .iplt          0x00000000080013b0        0x0 /home/iot/Ac6/SystemWorkbench/plugins/fr.ac6.mcu.externaltools.arm-none.linux64_1.15.0.201708311556/tools/compiler/bin/../lib/gcc/arm-none-eabi/6.3.1/thumb/v7e-m/fpv4-sp/hard/crtbegin.o

.rodata         0x00000000080013b0       0x38
                0x00000000080013b0                . = ALIGN (0x4)
 *(.rodata)
 .rodata        0x00000000080013b0       0x18 Src/system_stm32f4xx.o
                0x00000000080013b0                AHBPrescTable
                0x00000000080013c0                APBPrescTable
 *(.rodata*)
 .rodata.str1.4
                0x00000000080013c8        0xd Src/adc.o
 *fill*         0x00000000080013d5        0x3 
 .rodata.str1.4
                0x00000000080013d8       0x10 Src/main.o
                                          0xe (size before relaxing)
                0x00000000080013e8                . = ALIGN (0x4)

.rel.dyn        0x00000000080013e8        0x0
 .rel.iplt      0x00000000080013e8        0x0 /home/iot/Ac6/SystemWorkbench/plugins/fr.ac6.mcu.externaltools.arm-none.linux64_1.15.0.201708311556/tools/compiler/bin/../lib/gcc/arm-none-eabi/6.3.1/thumb/v7e-m/fpv4-sp/hard/crtbegin.o

.ARM.extab
 *(.ARM.extab* .gnu.linkonce.armextab.*)

.ARM            0x00000000080013e8        0x0
                0x00000000080013e8                __exidx_start = .
 *(.ARM.exidx*)
                0x00000000080013e8                __exidx_end = .

.preinit_array  0x00000000080013e8        0x0
                0x00000000080013e8                PROVIDE (__preinit_array_start, .)
 *(.preinit_array*)
                0x00000000080013e8                PROVIDE (__preinit_array_end, .)

.init_array     0x00000000080013e8        0x4
                0x00000000080013e8                PROVIDE (__init_array_start, .)
 *(SORT(.init_array.*))
 *(.init_array*)
 .init_array    0x00000000080013e8        0x4 /home/iot/Ac6/SystemWorkbench/plugins/fr.ac6.mcu.externaltools.arm-none.linux64_1.15.0.201708311556/tools/compiler/bin/../lib/gcc/arm-none-eabi/6.3.1/thumb/v7e-m/fpv4-sp/hard/crtbegin.o
                0x00000000080013ec                PROVIDE (__init_array_end, .)

.fini_array     0x00000000080013ec        0x4
                [!provide]                        PROVIDE (__fini_array_start, .)
 *(SORT(.fini_array.*))
 *(.fini_array*)
 .fini_array    0x00000000080013ec        0x4 /home/iot/Ac6/SystemWorkbench/plugins/fr.ac6.mcu.externaltools.arm-none.linux64_1.15.0.201708311556/tools/compiler/bin/../lib/gcc/arm-none-eabi/6.3.1/thumb/v7e-m/fpv4-sp/hard/crtbegin.o
                [!provide]                        PROVIDE (__fini_array_end, .)
                0x00000000080013f0                _sidata = LOADADDR (.data)

.data           0x0000000020000000        0x4 load address 0x00000000080013f0
                0x0000000020000000                . = ALIGN (0x4)
                0x0000000020000000                _sdata = .
 *(.data)
 .data          0x0000000020000000        0x4 Src/system_stm32f4xx.o
                0x0000000020000000                SystemCoreClock
 *(.data*)
                0x0000000020000004                . = ALIGN (0x4)
                0x0000000020000004                _edata = .
                0x00000000080013f4                _siccmram = LOADADDR (.ccmram)

.jcr            0x0000000020000004        0x0 load address 0x00000000080013f4
 .jcr           0x0000000020000004        0x0 /home/iot/Ac6/SystemWorkbench/plugins/fr.ac6.mcu.externaltools.arm-none.linux64_1.15.0.201708311556/tools/compiler/bin/../lib/gcc/arm-none-eabi/6.3.1/thumb/v7e-m/fpv4-sp/hard/crtbegin.o

.igot.plt       0x0000000020000004        0x0 load address 0x00000000080013f4
 .igot.plt      0x0000000020000004        0x0 /home/iot/Ac6/SystemWorkbench/plugins/fr.ac6.mcu.externaltools.arm-none.linux64_1.15.0.201708311556/tools/compiler/bin/../lib/gcc/arm-none-eabi/6.3.1/thumb/v7e-m/fpv4-sp/hard/crtbegin.o

.ccmram         0x0000000010000000        0x0 load address 0x00000000080013f4
                0x0000000010000000                . = ALIGN (0x4)
                0x0000000010000000                _sccmram = .
 *(.ccmram)
 *(.ccmram*)
                0x0000000010000000                . = ALIGN (0x4)
                0x0000000010000000                _eccmram = .
                0x0000000010000000                . = ALIGN (0x4)

.bss            0x0000000020000004       0x6c
                0x0000000020000004                _sbss = .
                0x0000000020000004                __bss_start__ = _sbss
 *(.bss)
 .bss           0x0000000020000004       0x1c /home/iot/Ac6/SystemWorkbench/plugins/fr.ac6.mcu.externaltools.arm-none.linux64_1.15.0.201708311556/tools/compiler/bin/../lib/gcc/arm-none-eabi/6.3.1/thumb/v7e-m/fpv4-sp/hard/crtbegin.o
 .bss           0x0000000020000020        0x4 Src/main.o
                0x0000000020000020                buff
 *(.bss*)
 *(COMMON)
 COMMON         0x0000000020000024        0x4 Drivers/STM32F4xx_HAL_Driver/Src/stm32f4xx_hal.o
                0x0000000020000024                uwTick
 COMMON         0x0000000020000028       0x48 Src/adc.o
                0x0000000020000028                hadc1
                0x0000000020000070                . = ALIGN (0x4)
                0x0000000020000070                _ebss = .
                0x0000000020000070                __bss_end__ = _ebss

._user_heap_stack
                0x0000000020000070      0x600
                0x0000000020000070                . = ALIGN (0x8)
                [!provide]                        PROVIDE (end, .)
                [!provide]                        PROVIDE (_end, .)
                0x0000000020000270                . = (. + _Min_Heap_Size)
 *fill*         0x0000000020000070      0x200 
                0x0000000020000670                . = (. + _Min_Stack_Size)
 *fill*         0x0000000020000270      0x400 
                0x0000000020000670                . = ALIGN (0x8)

/DISCARD/
 libc.a(*)
 libm.a(*)
 libgcc.a(*)

.ARM.attributes
                0x0000000000000000       0x30
 *(.ARM.attributes)
 .ARM.attributes
                0x0000000000000000       0x22 /home/iot/Ac6/SystemWorkbench/plugins/fr.ac6.mcu.externaltools.arm-none.linux64_1.15.0.201708311556/tools/compiler/bin/../lib/gcc/arm-none-eabi/6.3.1/thumb/v7e-m/fpv4-sp/hard/crti.o
 .ARM.attributes
                0x0000000000000022       0x34 /home/iot/Ac6/SystemWorkbench/plugins/fr.ac6.mcu.externaltools.arm-none.linux64_1.15.0.201708311556/tools/compiler/bin/../lib/gcc/arm-none-eabi/6.3.1/thumb/v7e-m/fpv4-sp/hard/crtbegin.o
 .ARM.attributes
                0x0000000000000056       0x39 Drivers/STM32F4xx_HAL_Driver/Src/stm32f4xx_hal.o
 .ARM.attributes
                0x000000000000008f       0x39 Drivers/STM32F4xx_HAL_Driver/Src/stm32f4xx_hal_adc.o
 .ARM.attributes
                0x00000000000000c8       0x39 Drivers/STM32F4xx_HAL_Driver/Src/stm32f4xx_hal_cortex.o
 .ARM.attributes
                0x0000000000000101       0x39 Drivers/STM32F4xx_HAL_Driver/Src/stm32f4xx_hal_gpio.o
 .ARM.attributes
                0x000000000000013a       0x39 Drivers/STM32F4xx_HAL_Driver/Src/stm32f4xx_hal_rcc.o
 .ARM.attributes
                0x0000000000000173       0x39 Src/adc.o
 .ARM.attributes
                0x00000000000001ac       0x39 Src/gpio.o
 .ARM.attributes
                0x00000000000001e5       0x39 Src/main.o
 .ARM.attributes
                0x000000000000021e       0x39 Src/stm32f4xx_hal_msp.o
 .ARM.attributes
                0x0000000000000257       0x39 Src/stm32f4xx_it.o
 .ARM.attributes
                0x0000000000000290       0x39 Src/system_stm32f4xx.o
 .ARM.attributes
                0x00000000000002c9       0x21 startup/startup_stm32f407xx.o
 .ARM.attributes
                0x00000000000002ea       0x34 /home/iot/Ac6/SystemWorkbench/plugins/fr.ac6.mcu.externaltools.arm-none.linux64_1.15.0.201708311556/tools/compiler/bin/../lib/gcc/arm-none-eabi/6.3.1/../../../../arm-none-eabi/lib/thumb/v7e-m/fpv4-sp/hard/libc_nano.a(lib_a-init.o)
 .ARM.attributes
                0x000000000000031e       0x22 /home/iot/Ac6/SystemWorkbench/plugins/fr.ac6.mcu.externaltools.arm-none.linux64_1.15.0.201708311556/tools/compiler/bin/../lib/gcc/arm-none-eabi/6.3.1/thumb/v7e-m/fpv4-sp/hard/crtn.o
OUTPUT(RAJAT_ADC_InternalTemp_Poll.elf elf32-littlearm)

.debug_info     0x0000000000000000     0xbaab
 .debug_info    0x0000000000000000     0x119e Drivers/STM32F4xx_HAL_Driver/Src/stm32f4xx_hal.o
 .debug_info    0x000000000000119e     0x162d Drivers/STM32F4xx_HAL_Driver/Src/stm32f4xx_hal_adc.o
 .debug_info    0x00000000000027cb     0x175a Drivers/STM32F4xx_HAL_Driver/Src/stm32f4xx_hal_cortex.o
 .debug_info    0x0000000000003f25      0xf97 Drivers/STM32F4xx_HAL_Driver/Src/stm32f4xx_hal_gpio.o
 .debug_info    0x0000000000004ebc     0x1500 Drivers/STM32F4xx_HAL_Driver/Src/stm32f4xx_hal_rcc.o
 .debug_info    0x00000000000063bc     0x1105 Src/adc.o
 .debug_info    0x00000000000074c1      0xcbb Src/gpio.o
 .debug_info    0x000000000000817c     0x156b Src/main.o
 .debug_info    0x00000000000096e7      0xc75 Src/stm32f4xx_hal_msp.o
 .debug_info    0x000000000000a35c      0x9a4 Src/stm32f4xx_it.o
 .debug_info    0x000000000000ad00      0xd30 Src/system_stm32f4xx.o
 .debug_info    0x000000000000ba30       0x7b startup/startup_stm32f407xx.o

.debug_abbrev   0x0000000000000000     0x1d7e
 .debug_abbrev  0x0000000000000000      0x347 Drivers/STM32F4xx_HAL_Driver/Src/stm32f4xx_hal.o
 .debug_abbrev  0x0000000000000347      0x32f Drivers/STM32F4xx_HAL_Driver/Src/stm32f4xx_hal_adc.o
 .debug_abbrev  0x0000000000000676      0x3d4 Drivers/STM32F4xx_HAL_Driver/Src/stm32f4xx_hal_cortex.o
 .debug_abbrev  0x0000000000000a4a      0x2a5 Drivers/STM32F4xx_HAL_Driver/Src/stm32f4xx_hal_gpio.o
 .debug_abbrev  0x0000000000000cef      0x370 Drivers/STM32F4xx_HAL_Driver/Src/stm32f4xx_hal_rcc.o
 .debug_abbrev  0x000000000000105f      0x254 Src/adc.o
 .debug_abbrev  0x00000000000012b3      0x229 Src/gpio.o
 .debug_abbrev  0x00000000000014dc      0x28a Src/main.o
 .debug_abbrev  0x0000000000001766      0x209 Src/stm32f4xx_hal_msp.o
 .debug_abbrev  0x000000000000196f      0x1f8 Src/stm32f4xx_it.o
 .debug_abbrev  0x0000000000001b67      0x205 Src/system_stm32f4xx.o
 .debug_abbrev  0x0000000000001d6c       0x12 startup/startup_stm32f407xx.o

.debug_loc      0x0000000000000000     0x1a49
 .debug_loc     0x0000000000000000       0x91 Drivers/STM32F4xx_HAL_Driver/Src/stm32f4xx_hal.o
 .debug_loc     0x0000000000000091      0x974 Drivers/STM32F4xx_HAL_Driver/Src/stm32f4xx_hal_adc.o
 .debug_loc     0x0000000000000a05      0x5ce Drivers/STM32F4xx_HAL_Driver/Src/stm32f4xx_hal_cortex.o
 .debug_loc     0x0000000000000fd3      0x3fd Drivers/STM32F4xx_HAL_Driver/Src/stm32f4xx_hal_gpio.o
 .debug_loc     0x00000000000013d0      0x53b Drivers/STM32F4xx_HAL_Driver/Src/stm32f4xx_hal_rcc.o
 .debug_loc     0x000000000000190b      0x13e Src/system_stm32f4xx.o

.debug_aranges  0x0000000000000000      0x458
 .debug_aranges
                0x0000000000000000       0xc8 Drivers/STM32F4xx_HAL_Driver/Src/stm32f4xx_hal.o
 .debug_aranges
                0x00000000000000c8       0xe8 Drivers/STM32F4xx_HAL_Driver/Src/stm32f4xx_hal_adc.o
 .debug_aranges
                0x00000000000001b0       0xa8 Drivers/STM32F4xx_HAL_Driver/Src/stm32f4xx_hal_cortex.o
 .debug_aranges
                0x0000000000000258       0x58 Drivers/STM32F4xx_HAL_Driver/Src/stm32f4xx_hal_gpio.o
 .debug_aranges
                0x00000000000002b0       0x88 Drivers/STM32F4xx_HAL_Driver/Src/stm32f4xx_hal_rcc.o
 .debug_aranges
                0x0000000000000338       0x30 Src/adc.o
 .debug_aranges
                0x0000000000000368       0x20 Src/gpio.o
 .debug_aranges
                0x0000000000000388       0x30 Src/main.o
 .debug_aranges
                0x00000000000003b8       0x20 Src/stm32f4xx_hal_msp.o
 .debug_aranges
                0x00000000000003d8       0x30 Src/stm32f4xx_it.o
 .debug_aranges
                0x0000000000000408       0x28 Src/system_stm32f4xx.o
 .debug_aranges
                0x0000000000000430       0x28 startup/startup_stm32f407xx.o

.debug_ranges   0x0000000000000000      0x400
 .debug_ranges  0x0000000000000000       0xb8 Drivers/STM32F4xx_HAL_Driver/Src/stm32f4xx_hal.o
 .debug_ranges  0x00000000000000b8       0xd8 Drivers/STM32F4xx_HAL_Driver/Src/stm32f4xx_hal_adc.o
 .debug_ranges  0x0000000000000190       0xf8 Drivers/STM32F4xx_HAL_Driver/Src/stm32f4xx_hal_cortex.o
 .debug_ranges  0x0000000000000288       0x48 Drivers/STM32F4xx_HAL_Driver/Src/stm32f4xx_hal_gpio.o
 .debug_ranges  0x00000000000002d0       0x78 Drivers/STM32F4xx_HAL_Driver/Src/stm32f4xx_hal_rcc.o
 .debug_ranges  0x0000000000000348       0x20 Src/adc.o
 .debug_ranges  0x0000000000000368       0x10 Src/gpio.o
 .debug_ranges  0x0000000000000378       0x20 Src/main.o
 .debug_ranges  0x0000000000000398       0x10 Src/stm32f4xx_hal_msp.o
 .debug_ranges  0x00000000000003a8       0x20 Src/stm32f4xx_it.o
 .debug_ranges  0x00000000000003c8       0x18 Src/system_stm32f4xx.o
 .debug_ranges  0x00000000000003e0       0x20 startup/startup_stm32f407xx.o

.debug_macro    0x0000000000000000    0x20820
 .debug_macro   0x0000000000000000      0x36f Drivers/STM32F4xx_HAL_Driver/Src/stm32f4xx_hal.o
 .debug_macro   0x000000000000036f      0x8bc Drivers/STM32F4xx_HAL_Driver/Src/stm32f4xx_hal.o
 .debug_macro   0x0000000000000c2b       0x10 Drivers/STM32F4xx_HAL_Driver/Src/stm32f4xx_hal.o
 .debug_macro   0x0000000000000c3b      0x17a Drivers/STM32F4xx_HAL_Driver/Src/stm32f4xx_hal.o
 .debug_macro   0x0000000000000db5       0x33 Drivers/STM32F4xx_HAL_Driver/Src/stm32f4xx_hal.o
 .debug_macro   0x0000000000000de8       0x28 Drivers/STM32F4xx_HAL_Driver/Src/stm32f4xx_hal.o
 .debug_macro   0x0000000000000e10       0x22 Drivers/STM32F4xx_HAL_Driver/Src/stm32f4xx_hal.o
 .debug_macro   0x0000000000000e32       0x87 Drivers/STM32F4xx_HAL_Driver/Src/stm32f4xx_hal.o
 .debug_macro   0x0000000000000eb9       0x51 Drivers/STM32F4xx_HAL_Driver/Src/stm32f4xx_hal.o
 .debug_macro   0x0000000000000f0a       0xef Drivers/STM32F4xx_HAL_Driver/Src/stm32f4xx_hal.o
 .debug_macro   0x0000000000000ff9       0x6a Drivers/STM32F4xx_HAL_Driver/Src/stm32f4xx_hal.o
 .debug_macro   0x0000000000001063      0x1df Drivers/STM32F4xx_HAL_Driver/Src/stm32f4xx_hal.o
 .debug_macro   0x0000000000001242       0x35 Drivers/STM32F4xx_HAL_Driver/Src/stm32f4xx_hal.o
 .debug_macro   0x0000000000001277       0x50 Drivers/STM32F4xx_HAL_Driver/Src/stm32f4xx_hal.o
 .debug_macro   0x00000000000012c7      0xe66 Drivers/STM32F4xx_HAL_Driver/Src/stm32f4xx_hal.o
 .debug_macro   0x000000000000212d    0x15e04 Drivers/STM32F4xx_HAL_Driver/Src/stm32f4xx_hal.o
 .debug_macro   0x0000000000017f31       0x43 Drivers/STM32F4xx_HAL_Driver/Src/stm32f4xx_hal.o
 .debug_macro   0x0000000000017f74     0x3574 Drivers/STM32F4xx_HAL_Driver/Src/stm32f4xx_hal.o
 .debug_macro   0x000000000001b4e8       0x58 Drivers/STM32F4xx_HAL_Driver/Src/stm32f4xx_hal.o
 .debug_macro   0x000000000001b540       0x35 Drivers/STM32F4xx_HAL_Driver/Src/stm32f4xx_hal.o
 .debug_macro   0x000000000001b575       0x9c Drivers/STM32F4xx_HAL_Driver/Src/stm32f4xx_hal.o
 .debug_macro   0x000000000001b611       0x16 Drivers/STM32F4xx_HAL_Driver/Src/stm32f4xx_hal.o
 .debug_macro   0x000000000001b627       0x97 Drivers/STM32F4xx_HAL_Driver/Src/stm32f4xx_hal.o
 .debug_macro   0x000000000001b6be      0x330 Drivers/STM32F4xx_HAL_Driver/Src/stm32f4xx_hal.o
 .debug_macro   0x000000000001b9ee       0xfd Drivers/STM32F4xx_HAL_Driver/Src/stm32f4xx_hal.o
 .debug_macro   0x000000000001baeb       0x10 Drivers/STM32F4xx_HAL_Driver/Src/stm32f4xx_hal.o
 .debug_macro   0x000000000001bafb       0x58 Drivers/STM32F4xx_HAL_Driver/Src/stm32f4xx_hal.o
 .debug_macro   0x000000000001bb53       0x1f Drivers/STM32F4xx_HAL_Driver/Src/stm32f4xx_hal.o
 .debug_macro   0x000000000001bb72       0x43 Drivers/STM32F4xx_HAL_Driver/Src/stm32f4xx_hal.o
 .debug_macro   0x000000000001bbb5       0x20 Drivers/STM32F4xx_HAL_Driver/Src/stm32f4xx_hal.o
 .debug_macro   0x000000000001bbd5      0x187 Drivers/STM32F4xx_HAL_Driver/Src/stm32f4xx_hal.o
 .debug_macro   0x000000000001bd5c       0x10 Drivers/STM32F4xx_HAL_Driver/Src/stm32f4xx_hal.o
 .debug_macro   0x000000000001bd6c       0x1c Drivers/STM32F4xx_HAL_Driver/Src/stm32f4xx_hal.o
 .debug_macro   0x000000000001bd88       0x52 Drivers/STM32F4xx_HAL_Driver/Src/stm32f4xx_hal.o
 .debug_macro   0x000000000001bdda       0x40 Drivers/STM32F4xx_HAL_Driver/Src/stm32f4xx_hal.o
 .debug_macro   0x000000000001be1a       0x10 Drivers/STM32F4xx_HAL_Driver/Src/stm32f4xx_hal.o
 .debug_macro   0x000000000001be2a       0x40 Drivers/STM32F4xx_HAL_Driver/Src/stm32f4xx_hal.o
 .debug_macro   0x000000000001be6a       0xd7 Drivers/STM32F4xx_HAL_Driver/Src/stm32f4xx_hal.o
 .debug_macro   0x000000000001bf41       0x16 Drivers/STM32F4xx_HAL_Driver/Src/stm32f4xx_hal.o
 .debug_macro   0x000000000001bf57      0x18b Drivers/STM32F4xx_HAL_Driver/Src/stm32f4xx_hal.o
 .debug_macro   0x000000000001c0e2       0x50 Drivers/STM32F4xx_HAL_Driver/Src/stm32f4xx_hal.o
 .debug_macro   0x000000000001c132      0x96b Drivers/STM32F4xx_HAL_Driver/Src/stm32f4xx_hal.o
 .debug_macro   0x000000000001ca9d      0x9e1 Drivers/STM32F4xx_HAL_Driver/Src/stm32f4xx_hal.o
 .debug_macro   0x000000000001d47e      0x11e Drivers/STM32F4xx_HAL_Driver/Src/stm32f4xx_hal.o
 .debug_macro   0x000000000001d59c      0x13e Drivers/STM32F4xx_HAL_Driver/Src/stm32f4xx_hal.o
 .debug_macro   0x000000000001d6da       0x27 Drivers/STM32F4xx_HAL_Driver/Src/stm32f4xx_hal.o
 .debug_macro   0x000000000001d701      0x287 Drivers/STM32F4xx_HAL_Driver/Src/stm32f4xx_hal.o
 .debug_macro   0x000000000001d988       0x5f Drivers/STM32F4xx_HAL_Driver/Src/stm32f4xx_hal.o
 .debug_macro   0x000000000001d9e7      0x23a Drivers/STM32F4xx_HAL_Driver/Src/stm32f4xx_hal.o
 .debug_macro   0x000000000001dc21      0x391 Drivers/STM32F4xx_HAL_Driver/Src/stm32f4xx_hal.o
 .debug_macro   0x000000000001dfb2      0x176 Drivers/STM32F4xx_HAL_Driver/Src/stm32f4xx_hal.o
 .debug_macro   0x000000000001e128       0xf9 Drivers/STM32F4xx_HAL_Driver/Src/stm32f4xx_hal.o
 .debug_macro   0x000000000001e221      0x133 Drivers/STM32F4xx_HAL_Driver/Src/stm32f4xx_hal.o
 .debug_macro   0x000000000001e354      0x21e Drivers/STM32F4xx_HAL_Driver/Src/stm32f4xx_hal.o
 .debug_macro   0x000000000001e572       0x2e Drivers/STM32F4xx_HAL_Driver/Src/stm32f4xx_hal.o
 .debug_macro   0x000000000001e5a0      0x11e Drivers/STM32F4xx_HAL_Driver/Src/stm32f4xx_hal.o
 .debug_macro   0x000000000001e6be       0x7f Drivers/STM32F4xx_HAL_Driver/Src/stm32f4xx_hal.o
 .debug_macro   0x000000000001e73d       0x89 Drivers/STM32F4xx_HAL_Driver/Src/stm32f4xx_hal.o
 .debug_macro   0x000000000001e7c6      0x125 Drivers/STM32F4xx_HAL_Driver/Src/stm32f4xx_hal.o
 .debug_macro   0x000000000001e8eb      0x310 Drivers/STM32F4xx_HAL_Driver/Src/stm32f4xx_hal_adc.o
 .debug_macro   0x000000000001ebfb      0x30f Drivers/STM32F4xx_HAL_Driver/Src/stm32f4xx_hal_cortex.o
 .debug_macro   0x000000000001ef0a      0x347 Drivers/STM32F4xx_HAL_Driver/Src/stm32f4xx_hal_gpio.o
 .debug_macro   0x000000000001f251      0x339 Drivers/STM32F4xx_HAL_Driver/Src/stm32f4xx_hal_rcc.o
 .debug_macro   0x000000000001f58a      0x319 Src/adc.o
 .debug_macro   0x000000000001f8a3      0x319 Src/gpio.o
 .debug_macro   0x000000000001fbbc      0x327 Src/main.o
 .debug_macro   0x000000000001fee3      0x30f Src/stm32f4xx_hal_msp.o
 .debug_macro   0x00000000000201f2      0x319 Src/stm32f4xx_it.o
 .debug_macro   0x000000000002050b      0x315 Src/system_stm32f4xx.o

.debug_line     0x0000000000000000     0x64d2
 .debug_line    0x0000000000000000      0x98b Drivers/STM32F4xx_HAL_Driver/Src/stm32f4xx_hal.o
 .debug_line    0x000000000000098b      0xc5a Drivers/STM32F4xx_HAL_Driver/Src/stm32f4xx_hal_adc.o
 .debug_line    0x00000000000015e5      0x9f8 Drivers/STM32F4xx_HAL_Driver/Src/stm32f4xx_hal_cortex.o
 .debug_line    0x0000000000001fdd      0x96c Drivers/STM32F4xx_HAL_Driver/Src/stm32f4xx_hal_gpio.o
 .debug_line    0x0000000000002949      0xaf1 Drivers/STM32F4xx_HAL_Driver/Src/stm32f4xx_hal_rcc.o
 .debug_line    0x000000000000343a      0x819 Src/adc.o
 .debug_line    0x0000000000003c53      0x7df Src/gpio.o
 .debug_line    0x0000000000004432      0x82b Src/main.o
 .debug_line    0x0000000000004c5d      0x7e1 Src/stm32f4xx_hal_msp.o
 .debug_line    0x000000000000543e      0x809 Src/stm32f4xx_it.o
 .debug_line    0x0000000000005c47      0x80c Src/system_stm32f4xx.o
 .debug_line    0x0000000000006453       0x7f startup/startup_stm32f407xx.o

.debug_str      0x0000000000000000    0xbe593
 .debug_str     0x0000000000000000    0xbd3d6 Drivers/STM32F4xx_HAL_Driver/Src/stm32f4xx_hal.o
                                      0xbd7a2 (size before relaxing)
 .debug_str     0x00000000000bd3d6      0x6b0 Drivers/STM32F4xx_HAL_Driver/Src/stm32f4xx_hal_adc.o
                                      0xbd2a0 (size before relaxing)
 .debug_str     0x00000000000bda86      0x3ac Drivers/STM32F4xx_HAL_Driver/Src/stm32f4xx_hal_cortex.o
                                      0xbd568 (size before relaxing)
 .debug_str     0x00000000000bde32      0x287 Drivers/STM32F4xx_HAL_Driver/Src/stm32f4xx_hal_gpio.o
                                      0xbcef6 (size before relaxing)
 .debug_str     0x00000000000be0b9      0x380 Drivers/STM32F4xx_HAL_Driver/Src/stm32f4xx_hal_rcc.o
                                      0xbd0c7 (size before relaxing)
 .debug_str     0x00000000000be439       0x42 Src/adc.o
                                      0xbd0a1 (size before relaxing)
 .debug_str     0x00000000000be47b       0x25 Src/gpio.o
                                      0xbccdc (size before relaxing)
 .debug_str     0x00000000000be4a0       0x2b Src/main.o
                                      0xbd724 (size before relaxing)
 .debug_str     0x00000000000be4cb       0x1b Src/stm32f4xx_hal_msp.o
                                      0xbd043 (size before relaxing)
 .debug_str     0x00000000000be4e6       0x53 Src/stm32f4xx_it.o
                                      0xbcb6d (size before relaxing)
 .debug_str     0x00000000000be539       0x5a Src/system_stm32f4xx.o
                                      0xbccb2 (size before relaxing)

.comment        0x0000000000000000       0x7f
 .comment       0x0000000000000000       0x7f Drivers/STM32F4xx_HAL_Driver/Src/stm32f4xx_hal.o
                                         0x80 (size before relaxing)
 .comment       0x000000000000007f       0x80 Drivers/STM32F4xx_HAL_Driver/Src/stm32f4xx_hal_adc.o
 .comment       0x000000000000007f       0x80 Drivers/STM32F4xx_HAL_Driver/Src/stm32f4xx_hal_cortex.o
 .comment       0x000000000000007f       0x80 Drivers/STM32F4xx_HAL_Driver/Src/stm32f4xx_hal_gpio.o
 .comment       0x000000000000007f       0x80 Drivers/STM32F4xx_HAL_Driver/Src/stm32f4xx_hal_rcc.o
 .comment       0x000000000000007f       0x80 Src/adc.o
 .comment       0x000000000000007f       0x80 Src/gpio.o
 .comment       0x000000000000007f       0x80 Src/main.o
 .comment       0x000000000000007f       0x80 Src/stm32f4xx_hal_msp.o
 .comment       0x000000000000007f       0x80 Src/stm32f4xx_it.o
 .comment       0x000000000000007f       0x80 Src/system_stm32f4xx.o

.debug_frame    0x0000000000000000      0x928
 .debug_frame   0x0000000000000000      0x198 Drivers/STM32F4xx_HAL_Driver/Src/stm32f4xx_hal.o
 .debug_frame   0x0000000000000198      0x27c Drivers/STM32F4xx_HAL_Driver/Src/stm32f4xx_hal_adc.o
 .debug_frame   0x0000000000000414      0x15c Drivers/STM32F4xx_HAL_Driver/Src/stm32f4xx_hal_cortex.o
 .debug_frame   0x0000000000000570       0xd0 Drivers/STM32F4xx_HAL_Driver/Src/stm32f4xx_hal_gpio.o
 .debug_frame   0x0000000000000640      0x13c Drivers/STM32F4xx_HAL_Driver/Src/stm32f4xx_hal_rcc.o
 .debug_frame   0x000000000000077c       0x58 Src/adc.o
 .debug_frame   0x00000000000007d4       0x30 Src/gpio.o
 .debug_frame   0x0000000000000804       0x58 Src/main.o
 .debug_frame   0x000000000000085c       0x28 Src/stm32f4xx_hal_msp.o
 .debug_frame   0x0000000000000884       0x48 Src/stm32f4xx_it.o
 .debug_frame   0x00000000000008cc       0x30 Src/system_stm32f4xx.o
 .debug_frame   0x00000000000008fc       0x2c /home/iot/Ac6/SystemWorkbench/plugins/fr.ac6.mcu.externaltools.arm-none.linux64_1.15.0.201708311556/tools/compiler/bin/../lib/gcc/arm-none-eabi/6.3.1/../../../../arm-none-eabi/lib/thumb/v7e-m/fpv4-sp/hard/libc_nano.a(lib_a-init.o)
